Component: ARM Compiler 5.05 update 1 (build 106) Tool: armlink [4d0efa]

==============================================================================

Section Cross References

    adc.o(i._ZN3ADC9Voltage_IEhfff) refers to cxa_guard_acquire.o(i.__cxa_guard_acquire) for __cxa_guard_acquire
    adc.o(i._ZN3ADC9Voltage_IEhfff) refers to f2d.o(x$fpl$f2d) for __aeabi_f2d
    adc.o(i._ZN3ADC9Voltage_IEhfff) refers to faddsub_clz.o(x$fpl$fadd) for __aeabi_fadd
    adc.o(i._ZN3ADC9Voltage_IEhfff) refers to dmul.o(x$fpl$dmul) for __aeabi_dmul
    adc.o(i._ZN3ADC9Voltage_IEhfff) refers to ddiv.o(x$fpl$ddiv) for __aeabi_ddiv
    adc.o(i._ZN3ADC9Voltage_IEhfff) refers to adc.o(i._ZN3ADCixEh) for ADC::operator [](unsigned char)
    adc.o(i._ZN3ADC9Voltage_IEhfff) refers to daddsub_clz.o(x$fpl$dsub) for __aeabi_dsub
    adc.o(i._ZN3ADC9Voltage_IEhfff) refers to daddsub_clz.o(x$fpl$dadd) for __aeabi_dadd
    adc.o(i._ZN3ADC9Voltage_IEhfff) refers to d2f.o(x$fpl$d2f) for __aeabi_d2f
    adc.o(i._ZN3ADC9Voltage_IEhfff) refers to adc.o(.data) for _ZGVvoltage
    adc.o(i._ZN3ADCC1Ehhhhhhhhhh) refers to stm32f10x_rcc.o(i.RCC_APB2PeriphClockCmd) for RCC_APB2PeriphClockCmd
    adc.o(i._ZN3ADCC1Ehhhhhhhhhh) refers to stm32f10x_gpio.o(i.GPIO_Init) for GPIO_Init
    adc.o(i._ZN3ADCC1Ehhhhhhhhhh) refers to stm32f10x_rcc.o(i.RCC_AHBPeriphClockCmd) for RCC_AHBPeriphClockCmd
    adc.o(i._ZN3ADCC1Ehhhhhhhhhh) refers to stm32f10x_dma.o(i.DMA_DeInit) for DMA_DeInit
    adc.o(i._ZN3ADCC1Ehhhhhhhhhh) refers to stm32f10x_dma.o(i.DMA_Init) for DMA_Init
    adc.o(i._ZN3ADCC1Ehhhhhhhhhh) refers to stm32f10x_dma.o(i.DMA_Cmd) for DMA_Cmd
    adc.o(i._ZN3ADCC1Ehhhhhhhhhh) refers to stm32f10x_rcc.o(i.RCC_ADCCLKConfig) for RCC_ADCCLKConfig
    adc.o(i._ZN3ADCC1Ehhhhhhhhhh) refers to stm32f10x_adc.o(i.ADC_Init) for ADC_Init
    adc.o(i._ZN3ADCC1Ehhhhhhhhhh) refers to stm32f10x_adc.o(i.ADC_RegularChannelConfig) for ADC_RegularChannelConfig
    adc.o(i._ZN3ADCC1Ehhhhhhhhhh) refers to stm32f10x_adc.o(i.ADC_DMACmd) for ADC_DMACmd
    adc.o(i._ZN3ADCC1Ehhhhhhhhhh) refers to stm32f10x_adc.o(i.ADC_Cmd) for ADC_Cmd
    adc.o(i._ZN3ADCC1Ehhhhhhhhhh) refers to stm32f10x_adc.o(i.ADC_ResetCalibration) for ADC_ResetCalibration
    adc.o(i._ZN3ADCC1Ehhhhhhhhhh) refers to stm32f10x_adc.o(i.ADC_GetResetCalibrationStatus) for ADC_GetResetCalibrationStatus
    adc.o(i._ZN3ADCC1Ehhhhhhhhhh) refers to stm32f10x_adc.o(i.ADC_StartCalibration) for ADC_StartCalibration
    adc.o(i._ZN3ADCC1Ehhhhhhhhhh) refers to stm32f10x_adc.o(i.ADC_GetCalibrationStatus) for ADC_GetCalibrationStatus
    adc.o(i._ZN3ADCC1Ehhhhhhhhhh) refers to stm32f10x_adc.o(i.ADC_SoftwareStartConvCmd) for ADC_SoftwareStartConvCmd
    adc.o(i._ZN3ADCC1Ehhhhhhhhhh) refers to adc.o(.bss) for ADC::_enCh
    adc.o(i._ZN3ADCC1Ehhhhhhhhhh) refers to adc.o(.data) for ADC::_pin
    adc.o(i._ZN3ADCixEh) refers to dflt_clz.o(x$fpl$dfltu) for __aeabi_ui2d
    adc.o(i._ZN3ADCixEh) refers to dmul.o(x$fpl$dmul) for __aeabi_dmul
    adc.o(i._ZN3ADCixEh) refers to adc.o(.bss) for ADC::_enCh
    adc.o(.ARM.exidx) refers to adc.o(i._ZN3ADCC1Ehhhhhhhhhh) for i._ZN3ADCC1Ehhhhhhhhhh
    adc.o(.ARM.exidx) refers to adc.o(i._ZN3ADCixEh) for i._ZN3ADCixEh
    adc.o(.ARM.exidx) refers to adc.o(i._ZN3ADC9Voltage_IEhfff) for i._ZN3ADC9Voltage_IEhfff
    inputcapture_exit.o(i._ZN17InputCapture_EXIT3IRQEv) refers to stm32f10x_gpio.o(i.GPIO_ReadInputDataBit) for GPIO_ReadInputDataBit
    inputcapture_exit.o(i._ZN17InputCapture_EXIT3IRQEv) refers to taskmanager.o(i._ZN11TaskManager4TimeEv) for TaskManager::Time()
    inputcapture_exit.o(i._ZN17InputCapture_EXIT3IRQEv) refers to d2f.o(x$fpl$d2f) for __aeabi_d2f
    inputcapture_exit.o(i._ZN17InputCapture_EXIT3IRQEv) refers to f2d.o(x$fpl$f2d) for __aeabi_f2d
    inputcapture_exit.o(i._ZN17InputCapture_EXIT3IRQEv) refers to daddsub_clz.o(x$fpl$dsub) for __aeabi_dsub
    inputcapture_exit.o(i._ZN17InputCapture_EXIT3IRQEv) refers to dmul.o(x$fpl$dmul) for __aeabi_dmul
    inputcapture_exit.o(i._ZN17InputCapture_EXIT3IRQEv) refers to inputcapture_exit.o(.data) for riseTime
    inputcapture_exit.o(i._ZN17InputCapture_EXITC1EP12GPIO_TypeDefhhhh) refers to stm32f10x_rcc.o(i.RCC_APB2PeriphClockCmd) for RCC_APB2PeriphClockCmd
    inputcapture_exit.o(i._ZN17InputCapture_EXITC1EP12GPIO_TypeDefhhhh) refers to stm32f10x_gpio.o(i.GPIO_Init) for GPIO_Init
    inputcapture_exit.o(i._ZN17InputCapture_EXITC1EP12GPIO_TypeDefhhhh) refers to stm32f10x_gpio.o(i.GPIO_ResetBits) for GPIO_ResetBits
    inputcapture_exit.o(i._ZN17InputCapture_EXITC1EP12GPIO_TypeDefhhhh) refers to stm32f10x_gpio.o(i.GPIO_EXTILineConfig) for GPIO_EXTILineConfig
    inputcapture_exit.o(i._ZN17InputCapture_EXITC1EP12GPIO_TypeDefhhhh) refers to rt_memcpy_w.o(.text) for __aeabi_memcpy4
    inputcapture_exit.o(i._ZN17InputCapture_EXITC1EP12GPIO_TypeDefhhhh) refers to misc.o(i.NVIC_PriorityGroupConfig) for NVIC_PriorityGroupConfig
[...]
    .ARM.Collect$$libinit$$0000001D          0x0800016a   Section        0  libinit2.o(.ARM.Collect$$libinit$$0000001D)
    .ARM.Collect$$libinit$$0000001F          0x0800016a   Section        0  libinit2.o(.ARM.Collect$$libinit$$0000001F)
    .ARM.Collect$$libinit$$00000021          0x0800016a   Section        0  libinit2.o(.ARM.Collect$$libinit$$00000021)
    .ARM.Collect$$libinit$$00000023          0x0800016a   Section        0  libinit2.o(.ARM.Collect$$libinit$$00000023)
    .ARM.Collect$$libinit$$00000025          0x0800016a   Section        0  libinit2.o(.ARM.Collect$$libinit$$00000025)
    .ARM.Collect$$libinit$$0000002C          0x0800016a   Section        0  libinit2.o(.ARM.Collect$$libinit$$0000002C)
    .ARM.Collect$$libinit$$0000002E          0x0800016a   Section        0  libinit2.o(.ARM.Collect$$libinit$$0000002E)
    .ARM.Collect$$libinit$$00000030          0x0800016a   Section        0  libinit2.o(.ARM.Collect$$libinit$$00000030)
    .ARM.Collect$$libinit$$00000031          0x0800016a   Section        4  libinit2.o(.ARM.Collect$$libinit$$00000031)
    .ARM.Collect$$libinit$$00000032          0x0800016e   Section        0  libinit2.o(.ARM.Collect$$libinit$$00000032)
    .ARM.Collect$$libinit$$00000033          0x0800016e   Section        2  libinit2.o(.ARM.Collect$$libinit$$00000033)
    .ARM.Collect$$libshutdown$$00000000      0x08000170   Section        2  libshutdown.o(.ARM.Collect$$libshutdown$$00000000)
    .ARM.Collect$$libshutdown$$00000001      0x08000172   Section        6  libshutdown2.o(.ARM.Collect$$libshutdown$$00000001)
    .ARM.Collect$$libshutdown$$00000003      0x08000178   Section        0  libshutdown2.o(.ARM.Collect$$libshutdown$$00000003)
    .ARM.Collect$$libshutdown$$00000006      0x08000178   Section        0  libshutdown2.o(.ARM.Collect$$libshutdown$$00000006)
    .ARM.Collect$$libshutdown$$00000009      0x08000178   Section        0  libshutdown2.o(.ARM.Collect$$libshutdown$$00000009)
    .ARM.Collect$$libshutdown$$0000000B      0x08000178   Section        0  libshutdown2.o(.ARM.Collect$$libshutdown$$0000000B)
    .ARM.Collect$$libshutdown$$0000000E      0x08000178   Section        0  libshutdown2.o(.ARM.Collect$$libshutdown$$0000000E)
    .ARM.Collect$$libshutdown$$0000000F      0x08000178   Section        2  libshutdown2.o(.ARM.Collect$$libshutdown$$0000000F)
    .ARM.Collect$$rtentry$$00000000          0x0800017a   Section        0  __rtentry.o(.ARM.Collect$$rtentry$$00000000)
    .ARM.Collect$$rtentry$$00000002          0x0800017a   Section        0  __rtentry2.o(.ARM.Collect$$rtentry$$00000002)
    .ARM.Collect$$rtentry$$00000004          0x0800017a   Section        6  __rtentry4.o(.ARM.Collect$$rtentry$$00000004)
    .ARM.Collect$$rtentry$$00000009          0x08000180   Section        0  __rtentry2.o(.ARM.Collect$$rtentry$$00000009)
    .ARM.Collect$$rtentry$$0000000A          0x08000180   Section        4  __rtentry2.o(.ARM.Collect$$rtentry$$0000000A)
    .ARM.Collect$$rtentry$$0000000C          0x08000184   Section        0  __rtentry2.o(.ARM.Collect$$rtentry$$0000000C)
    .ARM.Collect$$rtentry$$0000000D          0x08000184   Section        8  __rtentry2.o(.ARM.Collect$$rtentry$$0000000D)
    .ARM.Collect$$rtexit$$00000000           0x0800018c   Section        2  rtexit.o(.ARM.Collect$$rtexit$$00000000)
    .ARM.Collect$$rtexit$$00000002           0x0800018e   Section        0  rtexit2.o(.ARM.Collect$$rtexit$$00000002)
    .ARM.Collect$$rtexit$$00000003           0x0800018e   Section        4  rtexit2.o(.ARM.Collect$$rtexit$$00000003)
    .ARM.Collect$$rtexit$$00000004           0x08000192   Section        6  rtexit2.o(.ARM.Collect$$rtexit$$00000004)
    .emb_text                                0x08000198   Section        0  maybetermalloc1.o(.emb_text)
    .text                                    0x08000198   Section       64  startup_stm32f10x_md.o(.text)
    .text                                    0x080001d8   Section        0  strstr.o(.text)
    .text                                    0x080001fc   Section        0  strlen.o(.text)
    .text                                    0x0800023a   Section      100  rt_memcpy_w.o(.text)
    .text                                    0x0800029e   Section        0  heapauxi.o(.text)
    .text                                    0x080002a4   Section        0  init_aeabi.o(.text)
    .text                                    0x080002c8   Section        8  rt_ddtor_pointer_addr_intlibspace.o(.text)
    .text                                    0x080002d0   Section        0  h1_alloc.o(.text)
    .text                                    0x08000330   Section        8  libspace.o(.text)
    .text                                    0x08000338   Section        8  rt_heap_descriptor_intlibspace.o(.text)
    .text                                    0x08000340   Section        0  hguard.o(.text)
    .text                                    0x08000344   Section        0  init_alloc.o(.text)
    .text                                    0x080003ce   Section        0  h1_init.o(.text)
    .text                                    0x080003dc   Section        0  h1_free.o(.text)
    .text                                    0x0800042a   Section       74  sys_stackheap_outer.o(.text)
    .text                                    0x08000474   Section        0  h1_extend.o(.text)
    .text                                    0x080004a8   Section        0  exit.o(.text)
    .text                                    0x080004b4   Section        0  defsig_rtmem_outer.o(.text)
    .text                                    0x080004c2   Section        2  use_no_semi.o(.text)
    .text                                    0x080004c4   Section        0  defsig_exit.o(.text)
    .text                                    0x080004c4   Section        0  indicate_semi.o(.text)
    .text                                    0x080004d0   Section        0  defsig_rtmem_inner.o(.text)
    .text                                    0x08000520   Section        0  sys_exit.o(.text)
    .text                                    0x0800052c   Section        0  defsig_general.o(.text)
    .text                                    0x0800055e   Section        0  sys_wrch.o(.text)
    i.ADC_Cmd                                0x0800056c   Section        0  stm32f10x_adc.o(i.ADC_Cmd)
    i.ADC_DMACmd                             0x08000582   Section        0  stm32f10x_adc.o(i.ADC_DMACmd)
    i.ADC_GetCalibrationStatus               0x08000598   Section        0  stm32f10x_adc.o(i.ADC_GetCalibrationStatus)
    i.ADC_GetResetCalibrationStatus          0x080005ac   Section        0  stm32f10x_adc.o(i.ADC_GetResetCalibrationStatus)
    i.ADC_Init                               0x080005c0   Section        0  stm32f10x_adc.o(i.ADC_Init)
    i.ADC_RegularChannelConfig               0x08000610   Section        0  stm32f10x_adc.o(i.ADC_RegularChannelConfig)
    i.ADC_ResetCalibration                   0x080006c8   Section        0  stm32f10x_adc.o(i.ADC_ResetCalibration)
    i.ADC_SoftwareStartConvCmd               0x080006d2   Section        0  stm32f10x_adc.o(i.ADC_SoftwareStartConvCmd)
    i.ADC_StartCalibration                   0x080006e8   Section        0  stm32f10x_adc.o(i.ADC_StartCalibration)
    i.DMA1_Channel2_IRQHandler               0x080006f4   Section        0  interrupt.o(i.DMA1_Channel2_IRQHandler)
    i.DMA1_Channel4_IRQHandler               0x0800070c   Section        0  interrupt.o(i.DMA1_Channel4_IRQHandler)
    i.DMA1_Channel5_IRQHandler               0x08000724   Section        0  interrupt.o(i.DMA1_Channel5_IRQHandler)
    i.DMA1_Channel6_IRQHandler               0x08000726   Section        0  interrupt.o(i.DMA1_Channel6_IRQHandler)
    i.DMA1_Channel7_IRQHandler               0x08000728   Section        0  interrupt.o(i.DMA1_Channel7_IRQHandler)
    i.DMA_ClearFlag                          0x08000740   Section        0  stm32f10x_dma.o(i.DMA_ClearFlag)
    i.DMA_ClearITPendingBit                  0x0800075c   Section        0  stm32f10x_dma.o(i.DMA_ClearITPendingBit)
    i.DMA_Cmd                                0x08000778   Section        0  stm32f10x_dma.o(i.DMA_Cmd)
    i.DMA_DeInit                             0x08000790   Section        0  stm32f10x_dma.o(i.DMA_DeInit)
    i.DMA_GetFlagStatus                      0x080008dc   Section        0  stm32f10x_dma.o(i.DMA_GetFlagStatus)
    i.DMA_Init                               0x08000908   Section        0  stm32f10x_dma.o(i.DMA_Init)
    i.EXTI0_IRQHandler                       0x08000944   Section        0  interrupt.o(i.EXTI0_IRQHandler)
    i.EXTI15_10_IRQHandler                   0x0800094e   Section        0  interrupt.o(i.EXTI15_10_IRQHandler)
    i.EXTI1_IRQHandler                       0x080009be   Section        0  interrupt.o(i.EXTI1_IRQHandler)
    i.EXTI2_IRQHandler                       0x080009c8   Section        0  interrupt.o(i.EXTI2_IRQHandler)
    i.EXTI3_IRQHandler                       0x080009d2   Section        0  interrupt.o(i.EXTI3_IRQHandler)
    i.EXTI4_IRQHandler                       0x080009dc   Section        0  interrupt.o(i.EXTI4_IRQHandler)
    i.EXTI9_5_IRQHandler                     0x080009e6   Section        0  interrupt.o(i.EXTI9_5_IRQHandler)
    i.EXTI_ClearITPendingBit                 0x08000a38   Section        0  stm32f10x_exti.o(i.EXTI_ClearITPendingBit)
    i.EXTI_GetITStatus                       0x08000a44   Section        0  stm32f10x_exti.o(i.EXTI_GetITStatus)
    i.EXTI_Init                              0x08000a6c   Section        0  stm32f10x_exti.o(i.EXTI_Init)
    i.GPIO_EXTILineConfig                    0x08000b00   Section        0  stm32f10x_gpio.o(i.GPIO_EXTILineConfig)
    i.GPIO_Init                              0x08000b40   Section        0  stm32f10x_gpio.o(i.GPIO_Init)
    i.GPIO_PinRemapConfig                    0x08000c58   Section        0  stm32f10x_gpio.o(i.GPIO_PinRemapConfig)
    i.GPIO_ReadInputDataBit                  0x08000ce8   Section        0  stm32f10x_gpio.o(i.GPIO_ReadInputDataBit)
    i.GPIO_ResetBits                         0x08000cfa   Section        0  stm32f10x_gpio.o(i.GPIO_ResetBits)
    i.GPIO_SetBits                           0x08000cfe   Section        0  stm32f10x_gpio.o(i.GPIO_SetBits)
    i.I2C1_ER_IRQHandler                     0x08000d02   Section        0  interrupt.o(i.I2C1_ER_IRQHandler)
    i.I2C1_EV_IRQHandler                     0x08000d04   Section        0  interrupt.o(i.I2C1_EV_IRQHandler)
    i.I2C2_ER_IRQHandler                     0x08000d06   Section        0  interrupt.o(i.I2C2_ER_IRQHandler)
    i.I2C2_EV_IRQHandler                     0x08000d08   Section        0  interrupt.o(i.I2C2_EV_IRQHandler)
    i.NVIC_Init                              0x08000d0c   Section        0  misc.o(i.NVIC_Init)
    i.NVIC_PriorityGroupConfig               0x08000d7c   Section        0  misc.o(i.NVIC_PriorityGroupConfig)
    i.RCC_ADCCLKConfig                       0x08000d90   Section        0  stm32f10x_rcc.o(i.RCC_ADCCLKConfig)
    i.RCC_AHBPeriphClockCmd                  0x08000da8   Section        0  stm32f10x_rcc.o(i.RCC_AHBPeriphClockCmd)
    i.RCC_APB1PeriphClockCmd                 0x08000dc8   Section        0  stm32f10x_rcc.o(i.RCC_APB1PeriphClockCmd)
    i.RCC_APB2PeriphClockCmd                 0x08000de8   Section        0  stm32f10x_rcc.o(i.RCC_APB2PeriphClockCmd)
    i.RCC_GetClocksFreq                      0x08000e08   Section        0  stm32f10x_rcc.o(i.RCC_GetClocksFreq)
    i.SetSysClock                            0x08000edc   Section        0  system_stm32f10x.o(i.SetSysClock)
    SetSysClock                              0x08000edd   Thumb Code     8  system_stm32f10x.o(i.SetSysClock)
    i.SetSysClockTo72                        0x08000ee4   Section        0  system_stm32f10x.o(i.SetSysClockTo72)
    SetSysClockTo72                          0x08000ee5   Thumb Code   214  system_stm32f10x.o(i.SetSysClockTo72)
    i.SysTick_Handler                        0x08000fc4   Section        0  taskmanager.o(i.SysTick_Handler)
    i.SystemInit                             0x08000fe4   Section        0  system_stm32f10x.o(i.SystemInit)
    i.TIM1_UP_IRQHandler                     0x08001044   Section        0  interrupt.o(i.TIM1_UP_IRQHandler)
    i.TIM2_IRQHandler                        0x08001046   Section        0  interrupt.o(i.TIM2_IRQHandler)
    i.TIM3_IRQHandler                        0x08001048   Section        0  interrupt.o(i.TIM3_IRQHandler)
    i.TIM4_IRQHandler                        0x0800104a   Section        0  interrupt.o(i.TIM4_IRQHandler)
    i.TIM_Cmd                                0x0800104c   Section        0  stm32f10x_tim.o(i.TIM_Cmd)
    i.TIM_OC1Init                            0x08001064   Section        0  stm32f10x_tim.o(i.TIM_OC1Init)
    i.TIM_OC1PreloadConfig                   0x080010fc   Section        0  stm32f10x_tim.o(i.TIM_OC1PreloadConfig)
    i.TIM_OC2Init                            0x08001110   Section        0  stm32f10x_tim.o(i.TIM_OC2Init)
    i.TIM_OC2PreloadConfig                   0x080011b4   Section        0  stm32f10x_tim.o(i.TIM_OC2PreloadConfig)
    i.TIM_OC3Init                            0x080011d0   Section        0  stm32f10x_tim.o(i.TIM_OC3Init)
    i.TIM_OC3PreloadConfig                   0x08001270   Section        0  stm32f10x_tim.o(i.TIM_OC3PreloadConfig)
    i.TIM_OC4Init                            0x08001284   Section        0  stm32f10x_tim.o(i.TIM_OC4Init)
    i.TIM_OC4PreloadConfig                   0x08001300   Section        0  stm32f10x_tim.o(i.TIM_OC4PreloadConfig)
    i.TIM_TimeBaseInit                       0x0800131c   Section        0  stm32f10x_tim.o(i.TIM_TimeBaseInit)
    i.USART1_IRQHandler                      0x080013c0   Section        0  interrupt.o(i.USART1_IRQHandler)
    i.USART2_IRQHandler                      0x080013d0   Section        0  interrupt.o(i.USART2_IRQHandler)
    i.USART3_IRQHandler                      0x080013e0   Section        0  interrupt.o(i.USART3_IRQHandler)
    i.USART_ClearITPendingBit                0x080013f0   Section        0  stm32f10x_usart.o(i.USART_ClearITPendingBit)
    i.USART_Cmd                              0x0800140e   Section        0  stm32f10x_usart.o(i.USART_Cmd)
    i.USART_DMACmd                           0x08001426   Section        0  stm32f10x_usart.o(i.USART_DMACmd)
    i.USART_GetFlagStatus                    0x08001438   Section        0  stm32f10x_usart.o(i.USART_GetFlagStatus)
    i.USART_GetITStatus                      0x08001452   Section        0  stm32f10x_usart.o(i.USART_GetITStatus)
    i.USART_ITConfig                         0x080014a6   Section        0  stm32f10x_usart.o(i.USART_ITConfig)
    i.USART_Init                             0x080014f0   Section        0  stm32f10x_usart.o(i.USART_Init)
    i.USART_ReceiveData                      0x080015c8   Section        0  stm32f10x_usart.o(i.USART_ReceiveData)
    i.USART_SendData                         0x080015d2   Section        0  stm32f10x_usart.o(i.USART_SendData)
    i._ZN11TaskManager4TimeEv                0x080015dc   Section        0  taskmanager.o(i._ZN11TaskManager4TimeEv)
    i._ZN11TaskManager7DelayMsEt             0x0800166c   Section        0  taskmanager.o(i._ZN11TaskManager7DelayMsEt)
    i._ZN11TaskManagerC1Ev                   0x080016b0   Section        0  taskmanager.o(i._ZN11TaskManagerC1Ev)
    i._ZN17InputCapture_EXITC1EP12GPIO_TypeDefhhhh 0x080016d4   Section        0  inputcapture_exit.o(i._ZN17InputCapture_EXITC1EP12GPIO_TypeDefhhhh)
    i._ZN3ADCC1Ehhhhhhhhhh                   0x08001868   Section        0  adc.o(i._ZN3ADCC1Ehhhhhhhhhh)
    i._ZN3I2CC1Ehbjhhhhhhhh                  0x08001a90   Section        0  i2c.o(i._ZN3I2CC1Ehbjhhhhhhhh)
    i._ZN3LED2OnEv                           0x08001aae   Section        0  led.o(i._ZN3LED2OnEv)
    i._ZN3LED3OffEv                          0x08001abc   Section        0  led.o(i._ZN3LED3OffEv)
    i._ZN3LED5BlinkEtfb                      0x08001ad0   Section        0  led.o(i._ZN3LED5BlinkEtfb)
    i._ZN3LED6ToggleEv                       0x08001b78   Section        0  led.o(i._ZN3LED6ToggleEv)
    i._ZN3LEDC1ER4GPIOb                      0x08001b98   Section        0  led.o(i._ZN3LEDC1ER4GPIOb)
    i._ZN3PWM10InitializeEP11TIM_TypeDefbbbbt 0x08001bb8   Section        0  pwm.o(i._ZN3PWM10InitializeEP11TIM_TypeDefbbbbt)
    i._ZN3PWMC1EP11TIM_TypeDefbbbbt          0x08001de8   Section        0  pwm.o(i._ZN3PWMC1EP11TIM_TypeDefbbbbt)
    i._ZN4GPIO17RCC_ConfigurationEv          0x08001e14   Section        0  gpio.o(i._ZN4GPIO17RCC_ConfigurationEv)
    i._ZN4GPIO8GetLevelEv                    0x08001eb4   Section        0  gpio.o(i._ZN4GPIO8GetLevelEv)
    i._ZN4GPIO8SetLevelEh                    0x08001ed4   Section        0  gpio.o(i._ZN4GPIO8SetLevelEh)
    i._ZN4GPIOC1EP12GPIO_TypeDeft16GPIOMode_TypeDef17GPIOSpeed_TypeDef 0x08001f04   Section        0  gpio.o(i._ZN4GPIOC1EP12GPIO_TypeDeft16GPIOMode_TypeDef17GPIOSpeed_TypeDef)
    i._ZN5Delay2MsEt                         0x08001f48   Section        0  delay.o(i._ZN5Delay2MsEt)
    i._ZN5USART15GetReceivedDataEPht         0x08001f68   Section        0  usart.o(i._ZN5USART15GetReceivedDataEPht)
    i._ZN5USART17ReceiveBufferSizeEv         0x08001f90   Section        0  usart.o(i._ZN5USART17ReceiveBufferSizeEv)
    i._ZN5USART18ClearReceiveBufferEv        0x08001f9e   Section        0  usart.o(i._ZN5USART18ClearReceiveBufferEv)
    i._ZN5USART3IrqEv                        0x08001fac   Section        0  usart.o(i._ZN5USART3IrqEv)
    i._ZN5USART6DmaIrqEv                     0x08002084   Section        0  usart.o(i._ZN5USART6DmaIrqEv)
    i._ZN5USART8SendDataEPhj                 0x0800210c   Section        0  usart.o(i._ZN5USART8SendDataEPhj)
    i._ZN5USARTC1Ehjbhhhhhttt                0x080021e4   Section        0  usart.o(i._ZN5USARTC1Ehjbhhhhhttt)
    i._ZN5USARTD1Ev                          0x080025a0   Section        0  usart.o(i._ZN5USARTD1Ev)
    i._ZN5USARTlsEPKc                        0x080025a2   Section        0  usart.o(i._ZN5USARTlsEPKc)
    i._ZN5USARTlsEi                          0x080025c6   Section        0  usart.o(i._ZN5USARTlsEi)
    i._ZN5flashC1Ejb                         0x08002624   Section        0  flash.o(i._ZN5flashC1Ejb)
    i._ZN7Esp826615GetDataFromServEPh        0x0800263a   Section        0  esp8266.o(i._ZN7Esp826615GetDataFromServEPh)
    i._ZN7Esp82664InitEPcS0_                 0x0800266c   Section        0  esp8266.o(i._ZN7Esp82664InitEPcS0_)
    i._ZN7Esp82668SendDataEPc                0x08002984   Section        0  esp8266.o(i._ZN7Esp82668SendDataEPc)
    i._ZN7Esp82669GetmUsartEv                0x080029a6   Section        0  esp8266.o(i._ZN7Esp82669GetmUsartEv)
    i._ZN7Esp8266C1ER5USART                  0x080029ac   Section        0  esp8266.o(i._ZN7Esp8266C1ER5USART)
    i._ZN7Esp8266D1Ev                        0x080029b0   Section        0  esp8266.o(i._ZN7Esp8266D1Ev)
    i._ZSt6strstrPcPKc                       0x080029b2   Section        0  main.o(i._ZSt6strstrPcPKc)
    i.__aeabi_atexit                         0x080029c2   Section        0  aeabi_atexit.o(i.__aeabi_atexit)
    i.__cxa_finalize                         0x080029f4   Section        0  cxa_finalize.o(i.__cxa_finalize)
    i.__sti___15_TaskManager_cpp_tskmgr      0x08002a38   Section        0  taskmanager.o(i.__sti___15_TaskManager_cpp_tskmgr)
    __sti___15_TaskManager_cpp_tskmgr        0x08002a39   Thumb Code    10  taskmanager.o(i.__sti___15_TaskManager_cpp_tskmgr)
    i.__sti___8_Main_cpp_com2                0x08002a48   Section        0  main.o(i.__sti___8_Main_cpp_com2)
    __sti___8_Main_cpp_com2                  0x08002a49   Thumb Code   420  main.o(i.__sti___8_Main_cpp_com2)
    i.main                                   0x08002c54   Section        0  main.o(i.main)
    t._ZN10FIFOBufferI18I2C_Command_StructLt40EEC1Ev 0x08002d38   Section        0  i2c.o(t._ZN10FIFOBufferI18I2C_Command_StructLt40EEC1Ev)
    t._ZN10FIFOBufferIhLt256EE3GetERh        0x08002d44   Section        0  usart.o(t._ZN10FIFOBufferIhLt256EE3GetERh)
    t._ZN10FIFOBufferIhLt256EE3PutERKh       0x08002d78   Section        0  usart.o(t._ZN10FIFOBufferIhLt256EE3PutERKh)
    t._ZN10FIFOBufferIhLt256EE4GetsEPht      0x08002dbc   Section        0  usart.o(t._ZN10FIFOBufferIhLt256EE4GetsEPht)
    t._ZN10FIFOBufferIhLt256EE4PutsEPht      0x08002e00   Section        0  usart.o(t._ZN10FIFOBufferIhLt256EE4PutsEPht)
    t._ZN10FIFOBufferIhLt256EE4SizeEv        0x08002e52   Section        0  usart.o(t._ZN10FIFOBufferIhLt256EE4SizeEv)
    t._ZN10FIFOBufferIhLt256EE5ClearEv       0x08002e6e   Section        0  usart.o(t._ZN10FIFOBufferIhLt256EE5ClearEv)
    t._ZN10FIFOBufferIhLt256EEC1Ev           0x08002e7a   Section        0  usart.o(t._ZN10FIFOBufferIhLt256EEC1Ev)
    x$fpl$dadd                               0x08002e88   Section      336  daddsub_clz.o(x$fpl$dadd)
    _dadd1                                   0x08002e99   Thumb Code     0  daddsub_clz.o(x$fpl$dadd)
    x$fpl$dcmpinf                            0x08002fd8   Section       24  dcmpi.o(x$fpl$dcmpinf)
    x$fpl$ddiv                               0x08002ff0   Section      688  ddiv.o(x$fpl$ddiv)
    ddiv_entry                               0x08002ff7   Thumb Code     0  ddiv.o(x$fpl$ddiv)
    x$fpl$dfltu                              0x080032a0   Section       38  dflt_clz.o(x$fpl$dfltu)
    x$fpl$dleqf                              0x080032c8   Section      120  dleqf.o(x$fpl$dleqf)
    x$fpl$dnaninf                            0x08003340   Section      156  dnaninf.o(x$fpl$dnaninf)
    x$fpl$dretinf                            0x080033dc   Section       12  dretinf.o(x$fpl$dretinf)
    x$fpl$drleqf                             0x080033e8   Section      108  drleqf.o(x$fpl$drleqf)
    x$fpl$dsub                               0x08003454   Section      468  daddsub_clz.o(x$fpl$dsub)
    _dsub1                                   0x08003465   Thumb Code     0  daddsub_clz.o(x$fpl$dsub)
    x$fpl$f2d                                0x08003628   Section       86  f2d.o(x$fpl$f2d)
    x$fpl$ffixu                              0x08003680   Section       62  ffixu.o(x$fpl$ffixu)
    x$fpl$fnaninf                            0x080036be   Section      140  fnaninf.o(x$fpl$fnaninf)
    x$fpl$usenofp                            0x0800374a   Section        0  usenofp.o(x$fpl$usenofp)
    .constdata                               0x0800374c   Section       20  inputcapture_exit.o(.constdata)
    .constdata                               0x08003760   Section       32  gpio.o(.constdata)
    .init_array                              0x080037a0   Section        4  taskmanager.o(.init_array)
    .init_array                              0x080037a4   Section        4  main.o(.init_array)
    .init_array                              0x080037a8   Section        0  init_aeabi.o(.init_array)
    .data                                    0x20000000   Section       28  adc.o(.data)
    _ZGVvoltage                              0x20000014   Data           4  adc.o(.data)
    voltage                                  0x20000018   Data           4  adc.o(.data)
    .data                                    0x2000001c   Section       12  interrupt.o(.data)
    .data                                    0x20000028   Section       32  taskmanager.o(.data)
    .data                                    0x20000048   Section        3  usart.o(.data)
    dataToSend                               0x20000048   Data           1  usart.o(.data)
    dataToSend                               0x20000049   Data           1  usart.o(.data)
    dataToSend                               0x2000004a   Data           1  usart.o(.data)
    .data                                    0x20000050   Section       16  led.o(.data)
    times                                    0x20000050   Data           2  led.o(.data)
    time_old                                 0x20000058   Data           8  led.o(.data)
    .data                                    0x20000060   Section       44  main.o(.data)
    .data                                    0x2000008c   Section       20  stm32f10x_rcc.o(.data)
    APBAHBPrescTable                         0x2000008c   Data          16  stm32f10x_rcc.o(.data)
    ADCPrescTable                            0x2000009c   Data           4  stm32f10x_rcc.o(.data)
    .bss                                     0x200000a0   Section       40  adc.o(.bss)
    .bss                                     0x200000c8   Section     2844  main.o(.bss)
    .bss                                     0x20000be4   Section       96  libspace.o(.bss)
    HEAP                                     0x20000c48   Section      512  startup_stm32f10x_md.o(HEAP)
    Heap_Mem                                 0x20000c48   Data         512  startup_stm32f10x_md.o(HEAP)
    STACK                                    0x20000e48   Section     1024  startup_stm32f10x_md.o(STACK)
    Stack_Mem                                0x20000e48   Data        1024  startup_stm32f10x_md.o(STACK)
    __initial_sp                             0x20001248   Data           0  startup_stm32f10x_md.o(STACK)

    Global Symbols

    Symbol Name                              Value     Ov Type        Size  Object(Section)

    BuildAttributes$$THM_ISAv4$P$D$K$B$S$PE$A:L22UL41UL21$X:L11$S22US41US21$IEEE1$IW$USESV6$~STKCKD$USESV7$~SHL$OTIME$ROPI$EBA8$UX$STANDARDLIB$REQ8$PRES8$EABIv2 0x00000000   Number         0  anon$$obj.o ABSOLUTE
    __ARM_use_no_argv                        0x00000000   Number         0  main.o ABSOLUTE
    __ARM_exceptions_init                     - Undefined Weak Reference
    __alloca_initialize                       - Undefined Weak Reference
    __arm_preinit_                            - Undefined Weak Reference
    __rt_locale                               - Undefined Weak Reference
    __sigvec_lookup                           - Undefined Weak Reference
    __user_heap_extent                        - Undefined Weak Reference
    _atexit_init                              - Undefined Weak Reference
    _call_atexit_fns                          - Undefined Weak Reference
    _clock_init                               - Undefined Weak Reference
    _fp_trap_init                             - Undefined Weak Reference
    _fp_trap_shutdown                         - Undefined Weak Reference
    _get_lc_collate                           - Undefined Weak Reference
    _get_lc_ctype                             - Undefined Weak Reference
    _get_lc_monetary                          - Undefined Weak Reference
    _get_lc_numeric                           - Undefined Weak Reference
    _get_lc_time                              - Undefined Weak Reference
    _getenv_init                              - Undefined Weak Reference
    _handle_redirection                       - Undefined Weak Reference
    _initio                                   - Undefined Weak Reference
    _mutex_acquire                            - Undefined Weak Reference
    _mutex_free                               - Undefined Weak Reference
    _mutex_release                            - Undefined Weak Reference
    _rand_init                                - Undefined Weak Reference
    _signal_finish                            - Undefined Weak Reference
    _signal_init                              - Undefined Weak Reference
    _terminateio                              - Undefined Weak Reference
    __Vectors_Size                           0x000000ec   Number         0  startup_stm32f10x_md.o ABSOLUTE
    __Vectors                                0x08000000   Data           4  startup_stm32f10x_md.o(RESET)
    __dso_handle                             0x08000000   Number         0  startup_stm32f10x_md.o(RESET)
    __Vectors_End                            0x080000ec   Data           0  startup_stm32f10x_md.o(RESET)
    __main                                   0x080000ed   Thumb Code     8  __main.o(!!!main)
    __scatterload                            0x080000f5   Thumb Code     0  __scatter.o(!!!scatter)
    __scatterload_rt2                        0x080000f5   Thumb Code    44  __scatter.o(!!!scatter)
    __scatterload_rt2_thumb_only             0x080000f5   Thumb Code     0  __scatter.o(!!!scatter)
    __scatterload_null                       0x08000103   Thumb Code     0  __scatter.o(!!!scatter)
    __scatterload_copy                       0x08000129   Thumb Code    26  __scatter_copy.o(!!handler_copy)
    __scatterload_zeroinit                   0x08000145   Thumb Code    28  __scatter_zi.o(!!handler_zi)
    __rt_lib_init                            0x08000161   Thumb Code     0  libinit.o(.ARM.Collect$$libinit$$00000000)
    __rt_lib_init_fp_1                       0x08000163   Thumb Code     0  libinit2.o(.ARM.Collect$$libinit$$00000002)
    __rt_lib_init_heap_2                     0x08000163   Thumb Code     0  libinit2.o(.ARM.Collect$$libinit$$00000005)
    __rt_lib_init_preinit_1                  0x08000163   Thumb Code     0  libinit2.o(.ARM.Collect$$libinit$$00000004)
    __rt_lib_init_alloca_1                   0x0800016b   Thumb Code     0  libinit2.o(.ARM.Collect$$libinit$$0000002E)
    __rt_lib_init_argv_1                     0x0800016b   Thumb Code     0  libinit2.o(.ARM.Collect$$libinit$$0000002C)
    __rt_lib_init_atexit_1                   0x0800016b   Thumb Code     0  libinit2.o(.ARM.Collect$$libinit$$0000001B)
    __rt_lib_init_clock_1                    0x0800016b   Thumb Code     0  libinit2.o(.ARM.Collect$$libinit$$00000021)
    __rt_lib_init_cpp_2                      0x0800016b   Thumb Code     0  libinit2.o(.ARM.Collect$$libinit$$00000031)
    __rt_lib_init_exceptions_1               0x0800016b   Thumb Code     0  libinit2.o(.ARM.Collect$$libinit$$00000030)
    __rt_lib_init_fp_trap_1                  0x0800016b   Thumb Code     0  libinit2.o(.ARM.Collect$$libinit$$0000001F)
    __rt_lib_init_getenv_1                   0x0800016b   Thumb Code     0  libinit2.o(.ARM.Collect$$libinit$$00000023)
    __rt_lib_init_heap_1                     0x0800016b   Thumb Code     0  libinit2.o(.ARM.Collect$$libinit$$0000000A)
    __rt_lib_init_lc_collate_1               0x0800016b   Thumb Code     0  libinit2.o(.ARM.Collect$$libinit$$00000011)
    __rt_lib_init_lc_ctype_1                 0x0800016b   Thumb Code     0  libinit2.o(.ARM.Collect$$libinit$$00000013)
    __rt_lib_init_lc_monetary_1              0x0800016b   Thumb Code     0  libinit2.o(.ARM.Collect$$libinit$$00000015)
    __rt_lib_init_lc_numeric_1               0x0800016b   Thumb Code     0  libinit2.o(.ARM.Collect$$libinit$$00000017)
    __rt_lib_init_lc_time_1                  0x0800016b   Thumb Code     0  libinit2.o(.ARM.Collect$$libinit$$00000019)
    __rt_lib_init_rand_1                     0x0800016b   Thumb Code     0  libinit2.o(.ARM.Collect$$libinit$$0000000E)
    __rt_lib_init_signal_1                   0x0800016b   Thumb Code     0  libinit2.o(.ARM.Collect$$libinit$$0000001D)
    __rt_lib_init_stdio_1                    0x0800016b   Thumb Code     0  libinit2.o(.ARM.Collect$$libinit$$00000025)
    __rt_lib_init_user_alloc_1               0x0800016b   Thumb Code     0  libinit2.o(.ARM.Collect$$libinit$$0000000C)
    __rt_lib_init_cpp_1                      0x0800016f   Thumb Code     0  libinit2.o(.ARM.Collect$$libinit$$00000032)
    __rt_lib_init_return                     0x0800016f   Thumb Code     0  libinit2.o(.ARM.Collect$$libinit$$00000033)
    __rt_lib_shutdown                        0x08000171   Thumb Code     0  libshutdown.o(.ARM.Collect$$libshutdown$$00000000)
    __rt_lib_shutdown_cpp_1                  0x08000173   Thumb Code     0  libshutdown2.o(.ARM.Collect$$libshutdown$$00000001)
    __rt_lib_shutdown_fp_trap_1              0x08000179   Thumb Code     0  libshutdown2.o(.ARM.Collect$$libshutdown$$00000006)
    __rt_lib_shutdown_heap_1                 0x08000179   Thumb Code     0  libshutdown2.o(.ARM.Collect$$libshutdown$$0000000E)
    __rt_lib_shutdown_return                 0x08000179   Thumb Code     0  libshutdown2.o(.ARM.Collect$$libshutdown$$0000000F)
    __rt_lib_shutdown_signal_1               0x08000179   Thumb Code     0  libshutdown2.o(.ARM.Collect$$libshutdown$$00000009)
    __rt_lib_shutdown_stdio_1                0x08000179   Thumb Code     0  libshutdown2.o(.ARM.Collect$$libshutdown$$00000003)
    __rt_lib_shutdown_user_alloc_1           0x08000179   Thumb Code     0  libshutdown2.o(.ARM.Collect$$libshutdown$$0000000B)
    __rt_entry                               0x0800017b   Thumb Code     0  __rtentry.o(.ARM.Collect$$rtentry$$00000000)
    __rt_entry_presh_1                       0x0800017b   Thumb Code     0  __rtentry2.o(.ARM.Collect$$rtentry$$00000002)
    __rt_entry_sh                            0x0800017b   Thumb Code     0  __rtentry4.o(.ARM.Collect$$rtentry$$00000004)
    __rt_entry_li                            0x08000181   Thumb Code     0  __rtentry2.o(.ARM.Collect$$rtentry$$0000000A)
    __rt_entry_postsh_1                      0x08000181   Thumb Code     0  __rtentry2.o(.ARM.Collect$$rtentry$$00000009)
    __rt_entry_main                          0x08000185   Thumb Code     0  __rtentry2.o(.ARM.Collect$$rtentry$$0000000D)
    __rt_entry_postli_1                      0x08000185   Thumb Code     0  __rtentry2.o(.ARM.Collect$$rtentry$$0000000C)
    __rt_exit                                0x0800018d   Thumb Code     0  rtexit.o(.ARM.Collect$$rtexit$$00000000)
    __rt_exit_ls                             0x0800018f   Thumb Code     0  rtexit2.o(.ARM.Collect$$rtexit$$00000003)
    __rt_exit_prels_1                        0x0800018f   Thumb Code     0  rtexit2.o(.ARM.Collect$$rtexit$$00000002)
    __rt_exit_exit                           0x08000193   Thumb Code     0  rtexit2.o(.ARM.Collect$$rtexit$$00000004)
    Reset_Handler                            0x08000199   Thumb Code     8  startup_stm32f10x_md.o(.text)
    _maybe_terminate_alloc                   0x08000199   Thumb Code     0  maybetermalloc1.o(.emb_text)
    NMI_Handler                              0x080001a1   Thumb Code     2  startup_stm32f10x_md.o(.text)
    HardFault_Handler                        0x080001a3   Thumb Code     2  startup_stm32f10x_md.o(.text)
    MemManage_Handler                        0x080001a5   Thumb Code     2  startup_stm32f10x_md.o(.text)
    BusFault_Handler                         0x080001a7   Thumb Code     2  startup_stm32f10x_md.o(.text)
    UsageFault_Handler                       0x080001a9   Thumb Code     2  startup_stm32f10x_md.o(.text)
    SVC_Handler                              0x080001ab   Thumb Code     2  startup_stm32f10x_md.o(.text)
    DebugMon_Handler                         0x080001ad   Thumb Code     2  startup_stm32f10x_md.o(.text)
    PendSV_Handler                           0x080001af   Thumb Code     2  startup_stm32f10x_md.o(.text)
    ADC1_2_IRQHandler                        0x080001b3   Thumb Code     0  startup_stm32f10x_md.o(.text)
    CAN1_RX1_IRQHandler                      0x080001b3   Thumb Code     0  startup_stm32f10x_md.o(.text)
    CAN1_SCE_IRQHandler                      0x080001b3   Thumb Code     0  startup_stm32f10x_md.o(.text)
    DMA1_Channel1_IRQHandler                 0x080001b3   Thumb Code     0  startup_stm32f10x_md.o(.text)
    DMA1_Channel3_IRQHandler                 0x080001b3   Thumb Code     0  startup_stm32f10x_md.o(.text)
    FLASH_IRQHandler                         0x080001b3   Thumb Code     0  startup_stm32f10x_md.o(.text)
    PVD_IRQHandler                           0x080001b3   Thumb Code     0  startup_stm32f10x_md.o(.text)
    RCC_IRQHandler                           0x080001b3   Thumb Code     0  startup_stm32f10x_md.o(.text)
    RTCAlarm_IRQHandler                      0x080001b3   Thumb Code     0  startup_stm32f10x_md.o(.text)
    RTC_IRQHandler                           0x080001b3   Thumb Code     0  startup_stm32f10x_md.o(.text)
    SPI1_IRQHandler                          0x080001b3   Thumb Code     0  startup_stm32f10x_md.o(.text)
    SPI2_IRQHandler                          0x080001b3   Thumb Code     0  startup_stm32f10x_md.o(.text)
    TAMPER_IRQHandler                        0x080001b3   Thumb Code     0  startup_stm32f10x_md.o(.text)
    TIM1_BRK_IRQHandler                      0x080001b3   Thumb Code     0  startup_stm32f10x_md.o(.text)
    TIM1_CC_IRQHandler                       0x080001b3   Thumb Code     0  startup_stm32f10x_md.o(.text)
    TIM1_TRG_COM_IRQHandler                  0x080001b3   Thumb Code     0  startup_stm32f10x_md.o(.text)
    USBWakeUp_IRQHandler                     0x080001b3   Thumb Code     0  startup_stm32f10x_md.o(.text)
    USB_HP_CAN1_TX_IRQHandler                0x080001b3   Thumb Code     0  startup_stm32f10x_md.o(.text)
    USB_LP_CAN1_RX0_IRQHandler               0x080001b3   Thumb Code     0  startup_stm32f10x_md.o(.text)
    WWDG_IRQHandler                          0x080001b3   Thumb Code     0  startup_stm32f10x_md.o(.text)
    __user_initial_stackheap                 0x080001b5   Thumb Code     0  startup_stm32f10x_md.o(.text)
    strstr                                   0x080001d9   Thumb Code    36  strstr.o(.text)
    strlen                                   0x080001fd   Thumb Code    62  strlen.o(.text)
    __aeabi_memcpy4                          0x0800023b   Thumb Code     0  rt_memcpy_w.o(.text)
    __aeabi_memcpy8                          0x0800023b   Thumb Code     0  rt_memcpy_w.o(.text)
    __rt_memcpy_w                            0x0800023b   Thumb Code   100  rt_memcpy_w.o(.text)
    _memcpy_lastbytes_aligned                0x08000283   Thumb Code     0  rt_memcpy_w.o(.text)
    __use_two_region_memory                  0x0800029f   Thumb Code     2  heapauxi.o(.text)
    __rt_heap_escrow                         0x080002a1   Thumb Code     2  heapauxi.o(.text)
    __rt_heap_expand                         0x080002a3   Thumb Code     2  heapauxi.o(.text)
    __cpp_initialize__aeabi_                 0x080002a5   Thumb Code    26  init_aeabi.o(.text)
    __rt_ddtor_pointer_addr                  0x080002c9   Thumb Code     8  rt_ddtor_pointer_addr_intlibspace.o(.text)
    malloc                                   0x080002d1   Thumb Code    94  h1_alloc.o(.text)
    __user_libspace                          0x08000331   Thumb Code     8  libspace.o(.text)
    __user_perproc_libspace                  0x08000331   Thumb Code     0  libspace.o(.text)
    __user_perthread_libspace                0x08000331   Thumb Code     0  libspace.o(.text)
    __rt_heap_descriptor                     0x08000339   Thumb Code     8  rt_heap_descriptor_intlibspace.o(.text)
    __use_no_heap                            0x08000341   Thumb Code     2  hguard.o(.text)
    __heap$guard                             0x08000343   Thumb Code     2  hguard.o(.text)
    _terminate_user_alloc                    0x08000345   Thumb Code     2  init_alloc.o(.text)
    _init_user_alloc                         0x08000347   Thumb Code     2  init_alloc.o(.text)
    __Heap_Full                              0x08000349   Thumb Code    34  init_alloc.o(.text)
    __Heap_Broken                            0x0800036b   Thumb Code     6  init_alloc.o(.text)
    _init_alloc                              0x08000371   Thumb Code    94  init_alloc.o(.text)
    __Heap_Initialize                        0x080003cf   Thumb Code    10  h1_init.o(.text)
    __Heap_DescSize                          0x080003d9   Thumb Code     4  h1_init.o(.text)
    free                                     0x080003dd   Thumb Code    78  h1_free.o(.text)
    __user_setup_stackheap                   0x0800042b   Thumb Code    74  sys_stackheap_outer.o(.text)
    __Heap_ProvideMemory                     0x08000475   Thumb Code    52  h1_extend.o(.text)
    exit                                     0x080004a9   Thumb Code    12  exit.o(.text)
    __rt_SIGRTMEM                            0x080004b5   Thumb Code    14  defsig_rtmem_outer.o(.text)
    __I$use$semihosting                      0x080004c3   Thumb Code     0  use_no_semi.o(.text)
    __use_no_semihosting_swi                 0x080004c3   Thumb Code     2  use_no_semi.o(.text)
    __semihosting_library_function           0x080004c5   Thumb Code     0  indicate_semi.o(.text)
    __sig_exit                               0x080004c5   Thumb Code    10  defsig_exit.o(.text)
    __rt_SIGRTMEM_inner                      0x080004d1   Thumb Code    22  defsig_rtmem_inner.o(.text)
    _sys_exit                                0x08000521   Thumb Code     8  sys_exit.o(.text)
    __default_signal_display                 0x0800052d   Thumb Code    50  defsig_general.o(.text)
    _ttywrch                                 0x0800055f   Thumb Code    14  sys_wrch.o(.text)
    ADC_Cmd                                  0x0800056d   Thumb Code    22  stm32f10x_adc.o(i.ADC_Cmd)
    ADC_DMACmd                               0x08000583   Thumb Code    22  stm32f10x_adc.o(i.ADC_DMACmd)
    ADC_GetCalibrationStatus                 0x08000599   Thumb Code    20  stm32f10x_adc.o(i.ADC_GetCalibrationStatus)
    ADC_GetResetCalibrationStatus            0x080005ad   Thumb Code    20  stm32f10x_adc.o(i.ADC_GetResetCalibrationStatus)
    ADC_Init                                 0x080005c1   Thumb Code    70  stm32f10x_adc.o(i.ADC_Init)
    ADC_RegularChannelConfig                 0x08000611   Thumb Code   184  stm32f10x_adc.o(i.ADC_RegularChannelConfig)
    ADC_ResetCalibration                     0x080006c9   Thumb Code    10  stm32f10x_adc.o(i.ADC_ResetCalibration)
    ADC_SoftwareStartConvCmd                 0x080006d3   Thumb Code    22  stm32f10x_adc.o(i.ADC_SoftwareStartConvCmd)
    ADC_StartCalibration                     0x080006e9   Thumb Code    10  stm32f10x_adc.o(i.ADC_StartCalibration)
    DMA1_Channel2_IRQHandler                 0x080006f5   Thumb Code    18  interrupt.o(i.DMA1_Channel2_IRQHandler)
    DMA1_Channel4_IRQHandler                 0x0800070d   Thumb Code    18  interrupt.o(i.DMA1_Channel4_IRQHandler)
    DMA1_Channel5_IRQHandler                 0x08000725   Thumb Code     2  interrupt.o(i.DMA1_Channel5_IRQHandler)
    DMA1_Channel6_IRQHandler                 0x08000727   Thumb Code     2  interrupt.o(i.DMA1_Channel6_IRQHandler)
    DMA1_Channel7_IRQHandler                 0x08000729   Thumb Code    18  interrupt.o(i.DMA1_Channel7_IRQHandler)
    DMA_ClearFlag                            0x08000741   Thumb Code    18  stm32f10x_dma.o(i.DMA_ClearFlag)
    DMA_ClearITPendingBit                    0x0800075d   Thumb Code    18  stm32f10x_dma.o(i.DMA_ClearITPendingBit)
    DMA_Cmd                                  0x08000779   Thumb Code    24  stm32f10x_dma.o(i.DMA_Cmd)
    DMA_DeInit                               0x08000791   Thumb Code   324  stm32f10x_dma.o(i.DMA_DeInit)
    DMA_GetFlagStatus                        0x080008dd   Thumb Code    36  stm32f10x_dma.o(i.DMA_GetFlagStatus)
    DMA_Init                                 0x08000909   Thumb Code    60  stm32f10x_dma.o(i.DMA_Init)
    EXTI0_IRQHandler                         0x08000945   Thumb Code    10  interrupt.o(i.EXTI0_IRQHandler)
    EXTI15_10_IRQHandler                     0x0800094f   Thumb Code   112  interrupt.o(i.EXTI15_10_IRQHandler)
    EXTI1_IRQHandler                         0x080009bf   Thumb Code    10  interrupt.o(i.EXTI1_IRQHandler)
    EXTI2_IRQHandler                         0x080009c9   Thumb Code    10  interrupt.o(i.EXTI2_IRQHandler)
    EXTI3_IRQHandler                         0x080009d3   Thumb Code    10  interrupt.o(i.EXTI3_IRQHandler)
    EXTI4_IRQHandler                         0x080009dd   Thumb Code    10  interrupt.o(i.EXTI4_IRQHandler)
    EXTI9_5_IRQHandler                       0x080009e7   Thumb Code    82  interrupt.o(i.EXTI9_5_IRQHandler)
    EXTI_ClearITPendingBit                   0x08000a39   Thumb Code     6  stm32f10x_exti.o(i.EXTI_ClearITPendingBit)
    EXTI_GetITStatus                         0x08000a45   Thumb Code    34  stm32f10x_exti.o(i.EXTI_GetITStatus)
    EXTI_Init                                0x08000a6d   Thumb Code   142  stm32f10x_exti.o(i.EXTI_Init)
    GPIO_EXTILineConfig                      0x08000b01   Thumb Code    60  stm32f10x_gpio.o(i.GPIO_EXTILineConfig)
    GPIO_Init                                0x08000b41   Thumb Code   278  stm32f10x_gpio.o(i.GPIO_Init)
    GPIO_PinRemapConfig                      0x08000c59   Thumb Code   138  stm32f10x_gpio.o(i.GPIO_PinRemapConfig)
    GPIO_ReadInputDataBit                    0x08000ce9   Thumb Code    18  stm32f10x_gpio.o(i.GPIO_ReadInputDataBit)
    GPIO_ResetBits                           0x08000cfb   Thumb Code     4  stm32f10x_gpio.o(i.GPIO_ResetBits)
    GPIO_SetBits                             0x08000cff   Thumb Code     4  stm32f10x_gpio.o(i.GPIO_SetBits)
    I2C1_ER_IRQHandler                       0x08000d03   Thumb Code     2  interrupt.o(i.I2C1_ER_IRQHandler)
    I2C1_EV_IRQHandler                       0x08000d05   Thumb Code     2  interrupt.o(i.I2C1_EV_IRQHandler)
    I2C2_ER_IRQHandler                       0x08000d07   Thumb Code     2  interrupt.o(i.I2C2_ER_IRQHandler)
    I2C2_EV_IRQHandler                       0x08000d09   Thumb Code     2  interrupt.o(i.I2C2_EV_IRQHandler)
    NVIC_Init                                0x08000d0d   Thumb Code   100  misc.o(i.NVIC_Init)
    NVIC_PriorityGroupConfig                 0x08000d7d   Thumb Code    10  misc.o(i.NVIC_PriorityGroupConfig)
    RCC_ADCCLKConfig                         0x08000d91   Thumb Code    18  stm32f10x_rcc.o(i.RCC_ADCCLKConfig)
    RCC_AHBPeriphClockCmd                    0x08000da9   Thumb Code    26  stm32f10x_rcc.o(i.RCC_AHBPeriphClockCmd)
    RCC_APB1PeriphClockCmd                   0x08000dc9   Thumb Code    26  stm32f10x_rcc.o(i.RCC_APB1PeriphClockCmd)
    RCC_APB2PeriphClockCmd                   0x08000de9   Thumb Code    26  stm32f10x_rcc.o(i.RCC_APB2PeriphClockCmd)
    RCC_GetClocksFreq                        0x08000e09   Thumb Code   192  stm32f10x_rcc.o(i.RCC_GetClocksFreq)
    SysTick_Handler                          0x08000fc5   Thumb Code    20  taskmanager.o(i.SysTick_Handler)
    SystemInit                               0x08000fe5   Thumb Code    78  system_stm32f10x.o(i.SystemInit)
    TIM1_UP_IRQHandler                       0x08001045   Thumb Code     2  interrupt.o(i.TIM1_UP_IRQHandler)
    TIM2_IRQHandler                          0x08001047   Thumb Code     2  interrupt.o(i.TIM2_IRQHandler)
    TIM3_IRQHandler                          0x08001049   Thumb Code     2  interrupt.o(i.TIM3_IRQHandler)
    TIM4_IRQHandler                          0x0800104b   Thumb Code     2  interrupt.o(i.TIM4_IRQHandler)
    TIM_Cmd                                  0x0800104d   Thumb Code    24  stm32f10x_tim.o(i.TIM_Cmd)
    TIM_OC1Init                              0x08001065   Thumb Code   132  stm32f10x_tim.o(i.TIM_OC1Init)
    TIM_OC1PreloadConfig                     0x080010fd   Thumb Code    18  stm32f10x_tim.o(i.TIM_OC1PreloadConfig)
    TIM_OC2Init                              0x08001111   Thumb Code   154  stm32f10x_tim.o(i.TIM_OC2Init)
    TIM_OC2PreloadConfig                     0x080011b5   Thumb Code    26  stm32f10x_tim.o(i.TIM_OC2PreloadConfig)
    TIM_OC3Init                              0x080011d1   Thumb Code   150  stm32f10x_tim.o(i.TIM_OC3Init)
    TIM_OC3PreloadConfig                     0x08001271   Thumb Code    18  stm32f10x_tim.o(i.TIM_OC3PreloadConfig)
    TIM_OC4Init                              0x08001285   Thumb Code   114  stm32f10x_tim.o(i.TIM_OC4Init)
    TIM_OC4PreloadConfig                     0x08001301   Thumb Code    26  stm32f10x_tim.o(i.TIM_OC4PreloadConfig)
    TIM_TimeBaseInit                         0x0800131d   Thumb Code   122  stm32f10x_tim.o(i.TIM_TimeBaseInit)
    USART1_IRQHandler                        0x080013c1   Thumb Code    12  interrupt.o(i.USART1_IRQHandler)
    USART2_IRQHandler                        0x080013d1   Thumb Code    12  interrupt.o(i.USART2_IRQHandler)
    USART3_IRQHandler                        0x080013e1   Thumb Code    12  interrupt.o(i.USART3_IRQHandler)
    USART_ClearITPendingBit                  0x080013f1   Thumb Code    30  stm32f10x_usart.o(i.USART_ClearITPendingBit)
    USART_Cmd                                0x0800140f   Thumb Code    24  stm32f10x_usart.o(i.USART_Cmd)
    USART_DMACmd                             0x08001427   Thumb Code    18  stm32f10x_usart.o(i.USART_DMACmd)
    USART_GetFlagStatus                      0x08001439   Thumb Code    26  stm32f10x_usart.o(i.USART_GetFlagStatus)
    USART_GetITStatus                        0x08001453   Thumb Code    84  stm32f10x_usart.o(i.USART_GetITStatus)
    USART_ITConfig                           0x080014a7   Thumb Code    74  stm32f10x_usart.o(i.USART_ITConfig)
    USART_Init                               0x080014f1   Thumb Code   210  stm32f10x_usart.o(i.USART_Init)
    USART_ReceiveData                        0x080015c9   Thumb Code    10  stm32f10x_usart.o(i.USART_ReceiveData)
    USART_SendData                           0x080015d3   Thumb Code     8  stm32f10x_usart.o(i.USART_SendData)
    TaskManager::Time()                      0x080015dd   Thumb Code   110  taskmanager.o(i._ZN11TaskManager4TimeEv)
    TaskManager::DelayMs(unsigned short)     0x0800166d   Thumb Code    64  taskmanager.o(i._ZN11TaskManager7DelayMsEt)
    TaskManager::TaskManager()               0x080016b1   Thumb Code    32  taskmanager.o(i._ZN11TaskManagerC1Ev)
    TaskManager::TaskManager__sub_object()   0x080016b1   Thumb Code     0  taskmanager.o(i._ZN11TaskManagerC1Ev)
    InputCapture_EXIT::InputCapture_EXIT(GPIO_TypeDef*, unsigned char, unsigned char, unsigned char, unsigned char) 0x080016d5   Thumb Code   376  inputcapture_exit.o(i._ZN17InputCapture_EXITC1EP12GPIO_TypeDefhhhh)
    InputCapture_EXIT::InputCapture_EXIT__sub_object(GPIO_TypeDef*, unsigned char, unsigned char, unsigned char, unsigned char) 0x080016d5   Thumb Code     0  inputcapture_exit.o(i._ZN17InputCapture_EXITC1EP12GPIO_TypeDefhhhh)
    ADC::ADC(unsigned char, unsigned char, unsigned char, unsigned char, unsigned char, unsigned char, unsigned char, unsigned char, unsigned char, unsigned char) 0x08001869   Thumb Code   518  adc.o(i._ZN3ADCC1Ehhhhhhhhhh)
    ADC::ADC__sub_object(unsigned char, unsigned char, unsigned char, unsigned char, unsigned char, unsigned char, unsigned char, unsigned char, unsigned char, unsigned char) 0x08001869   Thumb Code     0  adc.o(i._ZN3ADCC1Ehhhhhhhhhh)
    I2C::I2C(unsigned char, bool, unsigned, unsigned char, unsigned char, unsigned char, unsigned char, unsigned char, unsigned char, unsigned char, unsigned char) 0x08001a91   Thumb Code    30  i2c.o(i._ZN3I2CC1Ehbjhhhhhhhh)
    I2C::I2C__sub_object(unsigned char, bool, unsigned, unsigned char, unsigned char, unsigned char, unsigned char, unsigned char, unsigned char, unsigned char, unsigned char) 0x08001a91   Thumb Code     0  i2c.o(i._ZN3I2CC1Ehbjhhhhhhhh)
    LED::On()                                0x08001aaf   Thumb Code    14  led.o(i._ZN3LED2OnEv)
    LED::Off()                               0x08001abd   Thumb Code    18  led.o(i._ZN3LED3OffEv)
    LED::Blink(unsigned short, float, bool)  0x08001ad1   Thumb Code   160  led.o(i._ZN3LED5BlinkEtfb)
    LED::Toggle()                            0x08001b79   Thumb Code    32  led.o(i._ZN3LED6ToggleEv)
    LED::LED(GPIO&, bool)                    0x08001b99   Thumb Code    32  led.o(i._ZN3LEDC1ER4GPIOb)
    LED::LED__sub_object(GPIO&, bool)        0x08001b99   Thumb Code     0  led.o(i._ZN3LEDC1ER4GPIOb)
    PWM::Initialize(TIM_TypeDef*, bool, bool, bool, bool, unsigned short) 0x08001bb9   Thumb Code   534  pwm.o(i._ZN3PWM10InitializeEP11TIM_TypeDefbbbbt)
    PWM::PWM(TIM_TypeDef*, bool, bool, bool, bool, unsigned short) 0x08001de9   Thumb Code    42  pwm.o(i._ZN3PWMC1EP11TIM_TypeDefbbbbt)
    PWM::PWM__sub_object(TIM_TypeDef*, bool, bool, bool, bool, unsigned short) 0x08001de9   Thumb Code     0  pwm.o(i._ZN3PWMC1EP11TIM_TypeDefbbbbt)
    GPIO::RCC_Configuration()                0x08001e15   Thumb Code   130  gpio.o(i._ZN4GPIO17RCC_ConfigurationEv)
    GPIO::GetLevel()                         0x08001eb5   Thumb Code    28  gpio.o(i._ZN4GPIO8GetLevelEv)
    GPIO::SetLevel(unsigned char)            0x08001ed5   Thumb Code    42  gpio.o(i._ZN4GPIO8SetLevelEh)
    GPIO::GPIO(GPIO_TypeDef*, unsigned short, GPIOMode_TypeDef, GPIOSpeed_TypeDef) 0x08001f05   Thumb Code    64  gpio.o(i._ZN4GPIOC1EP12GPIO_TypeDeft16GPIOMode_TypeDef17GPIOSpeed_TypeDef)
    GPIO::GPIO__sub_object(GPIO_TypeDef*, unsigned short, GPIOMode_TypeDef, GPIOSpeed_TypeDef) 0x08001f05   Thumb Code     0  gpio.o(i._ZN4GPIOC1EP12GPIO_TypeDeft16GPIOMode_TypeDef17GPIOSpeed_TypeDef)
    Delay::Ms(unsigned short)                0x08001f49   Thumb Code    32  delay.o(i._ZN5Delay2MsEt)
    USART::GetReceivedData(unsigned char*, unsigned short) 0x08001f69   Thumb Code    40  usart.o(i._ZN5USART15GetReceivedDataEPht)
    USART::ReceiveBufferSize()               0x08001f91   Thumb Code    14  usart.o(i._ZN5USART17ReceiveBufferSizeEv)
    USART::ClearReceiveBuffer()              0x08001f9f   Thumb Code    14  usart.o(i._ZN5USART18ClearReceiveBufferEv)
    USART::Irq()                             0x08001fad   Thumb Code   208  usart.o(i._ZN5USART3IrqEv)
    USART::DmaIrq()                          0x08002085   Thumb Code   136  usart.o(i._ZN5USART6DmaIrqEv)
    USART::SendData(unsigned char*, unsigned) 0x0800210d   Thumb Code   212  usart.o(i._ZN5USART8SendDataEPhj)
    USART::USART(unsigned char, unsigned, bool, unsigned char, unsigned char, unsigned char, unsigned char, unsigned char, unsigned short, unsigned short, unsigned short) 0x080021e5   Thumb Code   908  usart.o(i._ZN5USARTC1Ehjbhhhhhttt)
    USART::USART__sub_object(unsigned char, unsigned, bool, unsigned char, unsigned char, unsigned char, unsigned char, unsigned char, unsigned short, unsigned short, unsigned short) 0x080021e5   Thumb Code     0  usart.o(i._ZN5USARTC1Ehjbhhhhhttt)
    USART::~USART()                          0x080025a1   Thumb Code     2  usart.o(i._ZN5USARTD1Ev)
    USART::~USART__sub_object()              0x080025a1   Thumb Code     0  usart.o(i._ZN5USARTD1Ev)
    USART::operator <<(const char*)          0x080025a3   Thumb Code    36  usart.o(i._ZN5USARTlsEPKc)
    USART::operator <<(int)                  0x080025c7   Thumb Code    94  usart.o(i._ZN5USARTlsEi)
    flash::flash(unsigned, bool)             0x08002625   Thumb Code    22  flash.o(i._ZN5flashC1Ejb)
    flash::flash__sub_object(unsigned, bool) 0x08002625   Thumb Code     0  flash.o(i._ZN5flashC1Ejb)
    Esp8266::GetDataFromServ(unsigned char*) 0x0800263b   Thumb Code    48  esp8266.o(i._ZN7Esp826615GetDataFromServEPh)
    Esp8266::Init(char*, char*)              0x0800266d   Thumb Code   614  esp8266.o(i._ZN7Esp82664InitEPcS0_)
    Esp8266::SendData(char*)                 0x08002985   Thumb Code    34  esp8266.o(i._ZN7Esp82668SendDataEPc)
    Esp8266::GetmUsart()                     0x080029a7   Thumb Code     6  esp8266.o(i._ZN7Esp82669GetmUsartEv)
    Esp8266::Esp8266(USART&)                 0x080029ad   Thumb Code     4  esp8266.o(i._ZN7Esp8266C1ER5USART)
    Esp8266::Esp8266__sub_object(USART&)     0x080029ad   Thumb Code     0  esp8266.o(i._ZN7Esp8266C1ER5USART)
    Esp8266::~Esp8266()                      0x080029b1   Thumb Code     2  esp8266.o(i._ZN7Esp8266D1Ev)
    Esp8266::~Esp8266__sub_object()          0x080029b1   Thumb Code     0  esp8266.o(i._ZN7Esp8266D1Ev)
    std::strstr(char*, const char*)          0x080029b3   Thumb Code    16  main.o(i._ZSt6strstrPcPKc)
    __aeabi_atexit                           0x080029c3   Thumb Code    50  aeabi_atexit.o(i.__aeabi_atexit)
    __cxa_finalize                           0x080029f5   Thumb Code    66  cxa_finalize.o(i.__cxa_finalize)
    main                                     0x08002c55   Thumb Code   144  main.o(i.main)
    FIFOBuffer<I2C_Command_Struct, (unsigned short)40>::FIFOBuffer() 0x08002d39   Thumb Code    12  i2c.o(t._ZN10FIFOBufferI18I2C_Command_StructLt40EEC1Ev)
    FIFOBuffer<I2C_Command_Struct, (unsigned short)40>::FIFOBuffer__sub_object() 0x08002d39   Thumb Code     0  i2c.o(t._ZN10FIFOBufferI18I2C_Command_StructLt40EEC1Ev)
    FIFOBuffer<unsigned char, (unsigned short)256>::Get(unsigned char&) 0x08002d45   Thumb Code    52  usart.o(t._ZN10FIFOBufferIhLt256EE3GetERh)
    FIFOBuffer<unsigned char, (unsigned short)256>::Put(const unsigned char&) 0x08002d79   Thumb Code    68  usart.o(t._ZN10FIFOBufferIhLt256EE3PutERKh)
    FIFOBuffer<unsigned char, (unsigned short)256>::Gets(unsigned char*, unsigned short) 0x08002dbd   Thumb Code    68  usart.o(t._ZN10FIFOBufferIhLt256EE4GetsEPht)
    FIFOBuffer<unsigned char, (unsigned short)256>::Puts(unsigned char*, unsigned short) 0x08002e01   Thumb Code    82  usart.o(t._ZN10FIFOBufferIhLt256EE4PutsEPht)
    FIFOBuffer<unsigned char, (unsigned short)256>::Size() 0x08002e53   Thumb Code    28  usart.o(t._ZN10FIFOBufferIhLt256EE4SizeEv)
    FIFOBuffer<unsigned char, (unsigned short)256>::Clear() 0x08002e6f   Thumb Code    12  usart.o(t._ZN10FIFOBufferIhLt256EE5ClearEv)
    FIFOBuffer<unsigned char, (unsigned short)256>::FIFOBuffer() 0x08002e7b   Thumb Code    12  usart.o(t._ZN10FIFOBufferIhLt256EEC1Ev)
    FIFOBuffer<unsigned char, (unsigned short)256>::FIFOBuffer__sub_object() 0x08002e7b   Thumb Code     0  usart.o(t._ZN10FIFOBufferIhLt256EEC1Ev)
    __aeabi_dadd                             0x08002e89   Thumb Code     0  daddsub_clz.o(x$fpl$dadd)
    _dadd                                    0x08002e89   Thumb Code   332  daddsub_clz.o(x$fpl$dadd)
    __fpl_dcmp_Inf                           0x08002fd9   Thumb Code    24  dcmpi.o(x$fpl$dcmpinf)
    __aeabi_ddiv                             0x08002ff1   Thumb Code     0  ddiv.o(x$fpl$ddiv)
    _ddiv                                    0x08002ff1   Thumb Code   552  ddiv.o(x$fpl$ddiv)
    __aeabi_ui2d                             0x080032a1   Thumb Code     0  dflt_clz.o(x$fpl$dfltu)
    _dfltu                                   0x080032a1   Thumb Code    38  dflt_clz.o(x$fpl$dfltu)
    __aeabi_cdcmple                          0x080032c9   Thumb Code     0  dleqf.o(x$fpl$dleqf)
    _dcmple                                  0x080032c9   Thumb Code   120  dleqf.o(x$fpl$dleqf)
    __fpl_dcmple_InfNaN                      0x0800332b   Thumb Code     0  dleqf.o(x$fpl$dleqf)
    __fpl_dnaninf                            0x08003341   Thumb Code   156  dnaninf.o(x$fpl$dnaninf)
    __fpl_dretinf                            0x080033dd   Thumb Code    12  dretinf.o(x$fpl$dretinf)
    __aeabi_cdrcmple                         0x080033e9   Thumb Code     0  drleqf.o(x$fpl$drleqf)
    _drcmple                                 0x080033e9   Thumb Code   108  drleqf.o(x$fpl$drleqf)
    __aeabi_dsub                             0x08003455   Thumb Code     0  daddsub_clz.o(x$fpl$dsub)
    _dsub                                    0x08003455   Thumb Code   464  daddsub_clz.o(x$fpl$dsub)
    __aeabi_f2d                              0x08003629   Thumb Code     0  f2d.o(x$fpl$f2d)
    _f2d                                     0x08003629   Thumb Code    86  f2d.o(x$fpl$f2d)
    __aeabi_f2uiz                            0x08003681   Thumb Code     0  ffixu.o(x$fpl$ffixu)
    _ffixu                                   0x08003681   Thumb Code    62  ffixu.o(x$fpl$ffixu)
    __fpl_fnaninf                            0x080036bf   Thumb Code   140  fnaninf.o(x$fpl$fnaninf)
    __I$use$fp                               0x0800374a   Number         0  usenofp.o(x$fpl$usenofp)
    GPIO::mPin                               0x08003760   Data          32  gpio.o(.constdata)
    Region$$Table$$Base                      0x08003780   Number         0  anon$$obj.o(Region$$Table)
    Region$$Table$$Limit                     0x080037a0   Number         0  anon$$obj.o(Region$$Table)
    SHT$$INIT_ARRAY$$Base                    0x080037a0   Number         0  taskmanager.o(.init_array)
    SHT$$INIT_ARRAY$$Limit                   0x080037a8   Number         0  init_aeabi.o(.init_array)
    ADC::_pin                                0x20000000   Data          20  adc.o(.data)
    pUSART1                                  0x2000001c   Data           4  interrupt.o(.data)
    pUSART2                                  0x20000020   Data           4  interrupt.o(.data)
    pUSART3                                  0x20000024   Data           4  interrupt.o(.data)
    tskmgr                                   0x20000028   Data           1  taskmanager.o(.data)
    TaskManager::_new_time                   0x20000030   Data           8  taskmanager.o(.data)
    TaskManager::_old_time                   0x20000038   Data           8  taskmanager.o(.data)
    TaskManager::_it_time                    0x20000040   Data           8  taskmanager.o(.data)
    pressure                                 0x20000060   Data           1  main.o(.data)
    InfoStore                                0x20000064   Data           8  main.o(.data)
    ledRed                                   0x2000006c   Data           8  main.o(.data)
    ledBlue                                  0x20000074   Data           8  main.o(.data)
    led2                                     0x2000007c   Data           8  main.o(.data)
    network                                  0x20000084   Data           1  main.o(.data)
    wifi                                     0x20000088   Data           4  main.o(.data)
    ADC::_enCh                               0x200000a0   Data          10  adc.o(.bss)
    ADC::_chMap                              0x200000aa   Data          10  adc.o(.bss)
    ADC::_adcValue                           0x200000b4   Data          20  adc.o(.bss)
    com2                                     0x200000c8   Data         588  main.o(.bss)
    com1                                     0x20000314   Data         588  main.o(.bss)
    com3                                     0x20000560   Data         588  main.o(.bss)
    abc                                      0x200007ac   Data         904  main.o(.bss)
    pwm2                                     0x20000b34   Data          40  main.o(.bss)
    pwm3                                     0x20000b5c   Data          40  main.o(.bss)
    pwm4                                     0x20000b84   Data          40  main.o(.bss)
    ch1                                      0x20000bac   Data          20  main.o(.bss)
    ledRedGPIO                               0x20000bc0   Data          12  main.o(.bss)
    ledBlueGPIO                              0x20000bcc   Data          12  main.o(.bss)
    led2GPIO                                 0x20000bd8   Data          12  main.o(.bss)
    __libspace_start                         0x20000be4   Data          96  libspace.o(.bss)
    __temporary_stack_top$libspace           0x20000c44   Data           0  libspace.o(.bss)



==============================================================================

Memory Map of the image

  Image Entry point : 0x080000ed

  Load Region LR_IROM1 (Base: 0x08000000, Size: 0x00003848, Max: 0x00010000, ABSOLUTE)

    Execution Region ER_IROM1 (Base: 0x08000000, Size: 0x000037a8, Max: 0x00010000, ABSOLUTE)

    Base Addr    Size         Type   Attr      Idx    E Section Name        Object

    0x08000000   0x000000ec   Data   RO         3390    RESET               startup_stm32f10x_md.o
    0x080000ec   0x00000008   Code   RO         3454  * !!!main             c_w.l(__main.o)
    0x080000f4   0x00000034   Code   RO         3805    !!!scatter          c_w.l(__scatter.o)
    0x08000128   0x0000001a   Code   RO         3807    !!handler_copy      c_w.l(__scatter_copy.o)
    0x08000142   0x00000002   PAD
    0x08000144   0x0000001c   Code   RO         3809    !!handler_zi        c_w.l(__scatter_zi.o)
    0x08000160   0x00000002   Code   RO         3749    .ARM.Collect$$libinit$$00000000  c_w.l(libinit.o)
    0x08000162   0x00000000   Code   RO         3586    .ARM.Collect$$libinit$$00000002  c_w.l(libinit2.o)
    0x08000162   0x00000000   Code   RO         3588    .ARM.Collect$$libinit$$00000004  c_w.l(libinit2.o)
    0x08000162   0x00000008   Code   RO         3589    .ARM.Collect$$libinit$$00000005  c_w.l(libinit2.o)
    0x0800016a   0x00000000   Code   RO         3591    .ARM.Collect$$libinit$$0000000A  c_w.l(libinit2.o)
    0x0800016a   0x00000000   Code   RO         3593    .ARM.Collect$$libinit$$0000000C  c_w.l(libinit2.o)
    0x0800016a   0x00000000   Code   RO         3595    .ARM.Collect$$libinit$$0000000E  c_w.l(libinit2.o)
    0x0800016a   0x00000000   Code   RO         3598    .ARM.Collect$$libinit$$00000011  c_w.l(libinit2.o)
    0x0800016a   0x00000000   Code   RO         3600    .ARM.Collect$$libinit$$00000013  c_w.l(libinit2.o)
    0x0800016a   0x00000000   Code   RO         3602    .ARM.Collect$$libinit$$00000015  c_w.l(libinit2.o)
    0x0800016a   0x00000000   Code   RO         3604    .ARM.Collect$$libinit$$00000017  c_w.l(libinit2.o)
    0x0800016a   0x00000000   Code   RO         3606    .ARM.Collect$$libinit$$00000019  c_w.l(libinit2.o)
    0x0800016a   0x00000000   Code   RO         3608    .ARM.Collect$$libinit$$0000001B  c_w.l(libinit2.o)
    0x0800016a   0x00000000   Code   RO         3610    .ARM.Collect$$libinit$$0000001D  c_w.l(libinit2.o)
    0x0800016a   0x00000000   Code   RO         3612    .ARM.Collect$$libinit$$0000001F  c_w.l(libinit2.o)
    0x0800016a   0x00000000   Code   RO         3614    .ARM.Collect$$libinit$$00000021  c_w.l(libinit2.o)
    0x0800016a   0x00000000   Code   RO         3616    .ARM.Collect$$libinit$$00000023  c_w.l(libinit2.o)
    0x0800016a   0x00000000   Code   RO         3618    .ARM.Collect$$libinit$$00000025  c_w.l(libinit2.o)
    0x0800016a   0x00000000   Code   RO         3622    .ARM.Collect$$libinit$$0000002C  c_w.l(libinit2.o)
    0x0800016a   0x00000000   Code   RO         3624    .ARM.Collect$$libinit$$0000002E  c_w.l(libinit2.o)
    0x0800016a   0x00000000   Code   RO         3626    .ARM.Collect$$libinit$$00000030  c_w.l(libinit2.o)
    0x0800016a   0x00000004   Code   RO         3627    .ARM.Collect$$libinit$$00000031  c_w.l(libinit2.o)
    0x0800016e   0x00000000   Code   RO         3628    .ARM.Collect$$libinit$$00000032  c_w.l(libinit2.o)
    0x0800016e   0x00000002   Code   RO         3629    .ARM.Collect$$libinit$$00000033  c_w.l(libinit2.o)
    0x08000170   0x00000002   Code   RO         3786    .ARM.Collect$$libshutdown$$00000000  c_w.l(libshutdown.o)
    0x08000172   0x00000006   Code   RO         3630    .ARM.Collect$$libshutdown$$00000001  c_w.l(libshutdown2.o)
    0x08000178   0x00000000   Code   RO         3632    .ARM.Collect$$libshutdown$$00000003  c_w.l(libshutdown2.o)
    0x08000178   0x00000000   Code   RO         3635    .ARM.Collect$$libshutdown$$00000006  c_w.l(libshutdown2.o)
    0x08000178   0x00000000   Code   RO         3638    .ARM.Collect$$libshutdown$$00000009  c_w.l(libshutdown2.o)
    0x08000178   0x00000000   Code   RO         3640    .ARM.Collect$$libshutdown$$0000000B  c_w.l(libshutdown2.o)
    0x08000178   0x00000000   Code   RO         3643    .ARM.Collect$$libshutdown$$0000000E  c_w.l(libshutdown2.o)
    0x08000178   0x00000002   Code   RO         3644    .ARM.Collect$$libshutdown$$0000000F  c_w.l(libshutdown2.o)
    0x0800017a   0x00000000   Code   RO         3523    .ARM.Collect$$rtentry$$00000000  c_w.l(__rtentry.o)
    0x0800017a   0x00000000   Code   RO         3668    .ARM.Collect$$rtentry$$00000002  c_w.l(__rtentry2.o)
    0x0800017a   0x00000006   Code   RO         3680    .ARM.Collect$$rtentry$$00000004  c_w.l(__rtentry4.o)
    0x08000180   0x00000000   Code   RO         3670    .ARM.Collect$$rtentry$$00000009  c_w.l(__rtentry2.o)
    0x08000180   0x00000004   Code   RO         3671    .ARM.Collect$$rtentry$$0000000A  c_w.l(__rtentry2.o)
    0x08000184   0x00000000   Code   RO         3673    .ARM.Collect$$rtentry$$0000000C  c_w.l(__rtentry2.o)
    0x08000184   0x00000008   Code   RO         3674    .ARM.Collect$$rtentry$$0000000D  c_w.l(__rtentry2.o)
    0x0800018c   0x00000002   Code   RO         3753    .ARM.Collect$$rtexit$$00000000  c_w.l(rtexit.o)
    0x0800018e   0x00000000   Code   RO         3766    .ARM.Collect$$rtexit$$00000002  c_w.l(rtexit2.o)
    0x0800018e   0x00000004   Code   RO         3767    .ARM.Collect$$rtexit$$00000003  c_w.l(rtexit2.o)
    0x08000192   0x00000006   Code   RO         3768    .ARM.Collect$$rtexit$$00000004  c_w.l(rtexit2.o)
    0x08000198   0x00000000   Code   RO         3725    .emb_text           c_w.l(maybetermalloc1.o)
    0x08000198   0x00000040   Code   RO         3391    .text               startup_stm32f10x_md.o
    0x080001d8   0x00000024   Code   RO         3446    .text               c_w.l(strstr.o)
    0x080001fc   0x0000003e   Code   RO         3448    .text               c_w.l(strlen.o)
    0x0800023a   0x00000064   Code   RO         3450    .text               c_w.l(rt_memcpy_w.o)
    0x0800029e   0x00000006   Code   RO         3452    .text               c_w.l(heapauxi.o)
    0x080002a4   0x00000024   Code   RO         3459    .text               c_w.l(init_aeabi.o)
    0x080002c8   0x00000008   Code   RO         3527    .text               c_w.l(rt_ddtor_pointer_addr_intlibspace.o)
    0x080002d0   0x0000005e   Code   RO         3531    .text               c_w.l(h1_alloc.o)
    0x0800032e   0x00000002   PAD
    0x08000330   0x00000008   Code   RO         3662    .text               c_w.l(libspace.o)
    0x08000338   0x00000008   Code   RO         3685    .text               c_w.l(rt_heap_descriptor_intlibspace.o)
    0x08000340   0x00000004   Code   RO         3687    .text               c_w.l(hguard.o)
    0x08000344   0x0000008a   Code   RO         3689    .text               c_w.l(init_alloc.o)
    0x080003ce   0x0000000e   Code   RO         3695    .text               c_w.l(h1_init.o)
    0x080003dc   0x0000004e   Code   RO         3697    .text               c_w.l(h1_free.o)
    0x0800042a   0x0000004a   Code   RO         3721    .text               c_w.l(sys_stackheap_outer.o)
    0x08000474   0x00000034   Code   RO         3727    .text               c_w.l(h1_extend.o)
    0x080004a8   0x0000000c   Code   RO         3731    .text               c_w.l(exit.o)
    0x080004b4   0x0000000e   Code   RO         3733    .text               c_w.l(defsig_rtmem_outer.o)
    0x080004c2   0x00000002   Code   RO         3750    .text               c_w.l(use_no_semi.o)
    0x080004c4   0x00000000   Code   RO         3752    .text               c_w.l(indicate_semi.o)
    0x080004c4   0x0000000a   Code   RO         3759    .text               c_w.l(defsig_exit.o)
    0x080004ce   0x00000002   PAD
    0x080004d0   0x00000050   Code   RO         3761    .text               c_w.l(defsig_rtmem_inner.o)
    0x08000520   0x0000000c   Code   RO         3763    .text               c_w.l(sys_exit.o)
    0x0800052c   0x00000032   Code   RO         3778    .text               c_w.l(defsig_general.o)
    0x0800055e   0x0000000e   Code   RO         3780    .text               c_w.l(sys_wrch.o)
    0x0800056c   0x00000016   Code   RO         1473    i.ADC_Cmd           stm32f10x_adc.o
    0x08000582   0x00000016   Code   RO         1474    i.ADC_DMACmd        stm32f10x_adc.o
    0x08000598   0x00000014   Code   RO         1481    i.ADC_GetCalibrationStatus  stm32f10x_adc.o
    0x080005ac   0x00000014   Code   RO         1487    i.ADC_GetResetCalibrationStatus  stm32f10x_adc.o
    0x080005c0   0x00000050   Code   RO         1491    i.ADC_Init          stm32f10x_adc.o
    0x08000610   0x000000b8   Code   RO         1495    i.ADC_RegularChannelConfig  stm32f10x_adc.o
    0x080006c8   0x0000000a   Code   RO         1496    i.ADC_ResetCalibration  stm32f10x_adc.o
    0x080006d2   0x00000016   Code   RO         1498    i.ADC_SoftwareStartConvCmd  stm32f10x_adc.o
    0x080006e8   0x0000000a   Code   RO         1500    i.ADC_StartCalibration  stm32f10x_adc.o
    0x080006f2   0x00000002   PAD
    0x080006f4   0x00000018   Code   RO          577    i.DMA1_Channel2_IRQHandler  interrupt.o
    0x0800070c   0x00000018   Code   RO          578    i.DMA1_Channel4_IRQHandler  interrupt.o
    0x08000724   0x00000002   Code   RO          579    i.DMA1_Channel5_IRQHandler  interrupt.o
    0x08000726   0x00000002   Code   RO          580    i.DMA1_Channel6_IRQHandler  interrupt.o
    0x08000728   0x00000018   Code   RO          581    i.DMA1_Channel7_IRQHandler  interrupt.o
    0x08000740   0x0000001c   Code   RO         1701    i.DMA_ClearFlag     stm32f10x_dma.o
    0x0800075c   0x0000001c   Code   RO         1702    i.DMA_ClearITPendingBit  stm32f10x_dma.o
    0x08000778   0x00000018   Code   RO         1703    i.DMA_Cmd           stm32f10x_dma.o
    0x08000790   0x0000014c   Code   RO         1704    i.DMA_DeInit        stm32f10x_dma.o
    0x080008dc   0x0000002c   Code   RO         1706    i.DMA_GetFlagStatus  stm32f10x_dma.o
    0x08000908   0x0000003c   Code   RO         1709    i.DMA_Init          stm32f10x_dma.o
    0x08000944   0x0000000a   Code   RO          582    i.EXTI0_IRQHandler  interrupt.o
    0x0800094e   0x00000070   Code   RO          583    i.EXTI15_10_IRQHandler  interrupt.o
    0x080009be   0x0000000a   Code   RO          584    i.EXTI1_IRQHandler  interrupt.o
    0x080009c8   0x0000000a   Code   RO          585    i.EXTI2_IRQHandler  interrupt.o
    0x080009d2   0x0000000a   Code   RO          586    i.EXTI3_IRQHandler  interrupt.o
    0x080009dc   0x0000000a   Code   RO          587    i.EXTI4_IRQHandler  interrupt.o
    0x080009e6   0x00000052   Code   RO          588    i.EXTI9_5_IRQHandler  interrupt.o
    0x08000a38   0x0000000c   Code   RO         1786    i.EXTI_ClearITPendingBit  stm32f10x_exti.o
    0x08000a44   0x00000028   Code   RO         1790    i.EXTI_GetITStatus  stm32f10x_exti.o
    0x08000a6c   0x00000094   Code   RO         1791    i.EXTI_Init         stm32f10x_exti.o
    0x08000b00   0x00000040   Code   RO         2040    i.GPIO_EXTILineConfig  stm32f10x_gpio.o
    0x08000b40   0x00000116   Code   RO         2043    i.GPIO_Init         stm32f10x_gpio.o
    0x08000c56   0x00000002   PAD
    0x08000c58   0x00000090   Code   RO         2045    i.GPIO_PinRemapConfig  stm32f10x_gpio.o
    0x08000ce8   0x00000012   Code   RO         2047    i.GPIO_ReadInputDataBit  stm32f10x_gpio.o
    0x08000cfa   0x00000004   Code   RO         2050    i.GPIO_ResetBits    stm32f10x_gpio.o
    0x08000cfe   0x00000004   Code   RO         2051    i.GPIO_SetBits      stm32f10x_gpio.o
    0x08000d02   0x00000002   Code   RO          589    i.I2C1_ER_IRQHandler  interrupt.o
    0x08000d04   0x00000002   Code   RO          590    i.I2C1_EV_IRQHandler  interrupt.o
    0x08000d06   0x00000002   Code   RO          591    i.I2C2_ER_IRQHandler  interrupt.o
    0x08000d08   0x00000002   Code   RO          592    i.I2C2_EV_IRQHandler  interrupt.o
    0x08000d0a   0x00000002   PAD
    0x08000d0c   0x00000070   Code   RO         1362    i.NVIC_Init         misc.o
    0x08000d7c   0x00000014   Code   RO         1363    i.NVIC_PriorityGroupConfig  misc.o
    0x08000d90   0x00000018   Code   RO         2379    i.RCC_ADCCLKConfig  stm32f10x_rcc.o
    0x08000da8   0x00000020   Code   RO         2380    i.RCC_AHBPeriphClockCmd  stm32f10x_rcc.o
    0x08000dc8   0x00000020   Code   RO         2381    i.RCC_APB1PeriphClockCmd  stm32f10x_rcc.o
    0x08000de8   0x00000020   Code   RO         2383    i.RCC_APB2PeriphClockCmd  stm32f10x_rcc.o
    0x08000e08   0x000000d4   Code   RO         2391    i.RCC_GetClocksFreq  stm32f10x_rcc.o
    0x08000edc   0x00000008   Code   RO         3398    i.SetSysClock       system_stm32f10x.o
    0x08000ee4   0x000000e0   Code   RO         3399    i.SetSysClockTo72   system_stm32f10x.o
    0x08000fc4   0x00000020   Code   RO          807    i.SysTick_Handler   taskmanager.o
    0x08000fe4   0x00000060   Code   RO         3401    i.SystemInit        system_stm32f10x.o
    0x08001044   0x00000002   Code   RO          593    i.TIM1_UP_IRQHandler  interrupt.o
    0x08001046   0x00000002   Code   RO          594    i.TIM2_IRQHandler   interrupt.o
    0x08001048   0x00000002   Code   RO          595    i.TIM3_IRQHandler   interrupt.o
    0x0800104a   0x00000002   Code   RO          596    i.TIM4_IRQHandler   interrupt.o
    0x0800104c   0x00000018   Code   RO         2607    i.TIM_Cmd           stm32f10x_tim.o
    0x08001064   0x00000098   Code   RO         2636    i.TIM_OC1Init       stm32f10x_tim.o
    0x080010fc   0x00000012   Code   RO         2639    i.TIM_OC1PreloadConfig  stm32f10x_tim.o
    0x0800110e   0x00000002   PAD
    0x08001110   0x000000a4   Code   RO         2641    i.TIM_OC2Init       stm32f10x_tim.o
    0x080011b4   0x0000001a   Code   RO         2644    i.TIM_OC2PreloadConfig  stm32f10x_tim.o
    0x080011ce   0x00000002   PAD
    0x080011d0   0x000000a0   Code   RO         2646    i.TIM_OC3Init       stm32f10x_tim.o
    0x08001270   0x00000012   Code   RO         2649    i.TIM_OC3PreloadConfig  stm32f10x_tim.o
    0x08001282   0x00000002   PAD
    0x08001284   0x0000007c   Code   RO         2651    i.TIM_OC4Init       stm32f10x_tim.o
    0x08001300   0x0000001a   Code   RO         2653    i.TIM_OC4PreloadConfig  stm32f10x_tim.o
    0x0800131a   0x00000002   PAD
    0x0800131c   0x000000a4   Code   RO         2678    i.TIM_TimeBaseInit  stm32f10x_tim.o
    0x080013c0   0x00000010   Code   RO          597    i.USART1_IRQHandler  interrupt.o
    0x080013d0   0x00000010   Code   RO          598    i.USART2_IRQHandler  interrupt.o
    0x080013e0   0x00000010   Code   RO          599    i.USART3_IRQHandler  interrupt.o
    0x080013f0   0x0000001e   Code   RO         3152    i.USART_ClearITPendingBit  stm32f10x_usart.o
    0x0800140e   0x00000018   Code   RO         3155    i.USART_Cmd         stm32f10x_usart.o
    0x08001426   0x00000012   Code   RO         3156    i.USART_DMACmd      stm32f10x_usart.o
    0x08001438   0x0000001a   Code   RO         3158    i.USART_GetFlagStatus  stm32f10x_usart.o
    0x08001452   0x00000054   Code   RO         3159    i.USART_GetITStatus  stm32f10x_usart.o
    0x080014a6   0x0000004a   Code   RO         3161    i.USART_ITConfig    stm32f10x_usart.o
    0x080014f0   0x000000d8   Code   RO         3162    i.USART_Init        stm32f10x_usart.o
    0x080015c8   0x0000000a   Code   RO         3169    i.USART_ReceiveData  stm32f10x_usart.o
    0x080015d2   0x00000008   Code   RO         3172    i.USART_SendData    stm32f10x_usart.o
    0x080015da   0x00000002   PAD
    0x080015dc   0x00000090   Code   RO          808    i._ZN11TaskManager4TimeEv  taskmanager.o
    0x0800166c   0x00000044   Code   RO          810    i._ZN11TaskManager7DelayMsEt  taskmanager.o
    0x080016b0   0x00000024   Code   RO          813    i._ZN11TaskManagerC1Ev  taskmanager.o
    0x080016d4   0x00000194   Code   RO          107    i._ZN17InputCapture_EXITC1EP12GPIO_TypeDefhhhh  inputcapture_exit.o
    0x08001868   0x00000228   Code   RO            5    i._ZN3ADCC1Ehhhhhhhhhh  adc.o
    0x08001a90   0x0000001e   Code   RO          411    i._ZN3I2CC1Ehbjhhhhhhhh  i2c.o
    0x08001aae   0x0000000e   Code   RO         1132    i._ZN3LED2OnEv      led.o
    0x08001abc   0x00000012   Code   RO         1133    i._ZN3LED3OffEv     led.o
    0x08001ace   0x00000002   PAD
    0x08001ad0   0x000000a8   Code   RO         1134    i._ZN3LED5BlinkEtfb  led.o
    0x08001b78   0x00000020   Code   RO         1137    i._ZN3LED6ToggleEv  led.o
    0x08001b98   0x00000020   Code   RO         1138    i._ZN3LEDC1ER4GPIOb  led.o
    0x08001bb8   0x00000230   Code   RO          762    i._ZN3PWM10InitializeEP11TIM_TypeDefbbbbt  pwm.o
    0x08001de8   0x0000002a   Code   RO          765    i._ZN3PWMC1EP11TIM_TypeDefbbbbt  pwm.o
    0x08001e12   0x00000002   PAD
    0x08001e14   0x000000a0   Code   RO          337    i._ZN4GPIO17RCC_ConfigurationEv  gpio.o
    0x08001eb4   0x00000020   Code   RO          339    i._ZN4GPIO8GetLevelEv  gpio.o
    0x08001ed4   0x00000030   Code   RO          340    i._ZN4GPIO8SetLevelEh  gpio.o
    0x08001f04   0x00000044   Code   RO          341    i._ZN4GPIOC1EP12GPIO_TypeDeft16GPIOMode_TypeDef17GPIOSpeed_TypeDef  gpio.o
    0x08001f48   0x00000020   Code   RO          223    i._ZN5Delay2MsEt    delay.o
    0x08001f68   0x00000028   Code   RO          941    i._ZN5USART15GetReceivedDataEPht  usart.o
    0x08001f90   0x0000000e   Code   RO          942    i._ZN5USART17ReceiveBufferSizeEv  usart.o
    0x08001f9e   0x0000000e   Code   RO          943    i._ZN5USART18ClearReceiveBufferEv  usart.o
    0x08001fac   0x000000d8   Code   RO          944    i._ZN5USART3IrqEv   usart.o
    0x08002084   0x00000088   Code   RO          945    i._ZN5USART6DmaIrqEv  usart.o
    0x0800210c   0x000000d8   Code   RO          950    i._ZN5USART8SendDataEPhj  usart.o
    0x080021e4   0x000003bc   Code   RO          951    i._ZN5USARTC1Ehjbhhhhhttt  usart.o
    0x080025a0   0x00000002   Code   RO          952    i._ZN5USARTD1Ev     usart.o
    0x080025a2   0x00000024   Code   RO          953    i._ZN5USARTlsEPKc   usart.o
    0x080025c6   0x0000005e   Code   RO          956    i._ZN5USARTlsEi     usart.o
    0x08002624   0x00000016   Code   RO          269    i._ZN5flashC1Ejb    flash.o
    0x0800263a   0x00000030   Code   RO         1283    i._ZN7Esp826615GetDataFromServEPh  esp8266.o
    0x0800266a   0x00000002   PAD
    0x0800266c   0x00000318   Code   RO         1284    i._ZN7Esp82664InitEPcS0_  esp8266.o
    0x08002984   0x00000022   Code   RO         1285    i._ZN7Esp82668SendDataEPc  esp8266.o
    0x080029a6   0x00000006   Code   RO         1286    i._ZN7Esp82669GetmUsartEv  esp8266.o
    0x080029ac   0x00000004   Code   RO         1287    i._ZN7Esp8266C1ER5USART  esp8266.o
    0x080029b0   0x00000002   Code   RO         1288    i._ZN7Esp8266D1Ev   esp8266.o
    0x080029b2   0x00000010   Code   RO         1223    i._ZSt6strstrPcPKc  main.o
    0x080029c2   0x00000032   Code   RO         3468    i.__aeabi_atexit    cpprt_w.l(aeabi_atexit.o)
    0x080029f4   0x00000042   Code   RO         3648    i.__cxa_finalize    cpprt_w.l(cxa_finalize.o)
    0x08002a36   0x00000002   PAD
    0x08002a38   0x00000010   Code   RO          814    i.__sti___15_TaskManager_cpp_tskmgr  taskmanager.o
    0x08002a48   0x0000020c   Code   RO         1196    i.__sti___8_Main_cpp_com2  main.o
    0x08002c54   0x000000e4   Code   RO         1197    i.main              main.o
    0x08002d38   0x0000000c   Code   RO          531    t._ZN10FIFOBufferI18I2C_Command_StructLt40EEC1Ev  i2c.o
    0x08002d44   0x00000034   Code   RO         1093    t._ZN10FIFOBufferIhLt256EE3GetERh  usart.o
    0x08002d78   0x00000044   Code   RO         1087    t._ZN10FIFOBufferIhLt256EE3PutERKh  usart.o
    0x08002dbc   0x00000044   Code   RO         1111    t._ZN10FIFOBufferIhLt256EE4GetsEPht  usart.o
    0x08002e00   0x00000052   Code   RO         1099    t._ZN10FIFOBufferIhLt256EE4PutsEPht  usart.o
    0x08002e52   0x0000001c   Code   RO         1105    t._ZN10FIFOBufferIhLt256EE4SizeEv  usart.o
    0x08002e6e   0x0000000c   Code   RO         1117    t._ZN10FIFOBufferIhLt256EE5ClearEv  usart.o
    0x08002e7a   0x0000000c   Code   RO         1081    t._ZN10FIFOBufferIhLt256EEC1Ev  usart.o
    0x08002e86   0x00000002   PAD
    0x08002e88   0x00000150   Code   RO         3473    x$fpl$dadd          fz_ws.l(daddsub_clz.o)
    0x08002fd8   0x00000018   Code   RO         3651    x$fpl$dcmpinf       fz_ws.l(dcmpi.o)
    0x08002ff0   0x000002b0   Code   RO         3480    x$fpl$ddiv          fz_ws.l(ddiv.o)
    0x080032a0   0x00000026   Code   RO         3487    x$fpl$dfltu         fz_ws.l(dflt_clz.o)
    0x080032c6   0x00000002   PAD
    0x080032c8   0x00000078   Code   RO         3493    x$fpl$dleqf         fz_ws.l(dleqf.o)
    0x08003340   0x0000009c   Code   RO         3653    x$fpl$dnaninf       fz_ws.l(dnaninf.o)
    0x080033dc   0x0000000c   Code   RO         3655    x$fpl$dretinf       fz_ws.l(dretinf.o)
    0x080033e8   0x0000006c   Code   RO         3497    x$fpl$drleqf        fz_ws.l(drleqf.o)
    0x08003454   0x000001d4   Code   RO         3475    x$fpl$dsub          fz_ws.l(daddsub_clz.o)
    0x08003628   0x00000056   Code   RO         3499    x$fpl$f2d           fz_ws.l(f2d.o)
    0x0800367e   0x00000002   PAD
    0x08003680   0x0000003e   Code   RO         3511    x$fpl$ffixu         fz_ws.l(ffixu.o)
    0x080036be   0x0000008c   Code   RO         3657    x$fpl$fnaninf       fz_ws.l(fnaninf.o)
    0x0800374a   0x00000000   Code   RO         3661    x$fpl$usenofp       fz_ws.l(usenofp.o)
    0x0800374a   0x00000002   PAD
    0x0800374c   0x00000014   Data   RO          111    .constdata          inputcapture_exit.o
    0x08003760   0x00000020   Data   RO          348    .constdata          gpio.o
    0x08003780   0x00000020   Data   RO         3803    Region$$Table       anon$$obj.o
    0x080037a0   0x00000004   Data   RO          824    .init_array         taskmanager.o
    0x080037a4   0x00000004   Data   RO         1202    .init_array         main.o
    0x080037a8   0x00000000   Data   RO         3457    .init_array         c_w.l(init_aeabi.o)


    Execution Region RW_IRAM1 (Base: 0x20000000, Size: 0x00001248, Max: 0x00005000, ABSOLUTE)

    Base Addr    Size         Type   Attr      Idx    E Section Name        Object

    0x20000000   0x0000001c   Data   RW           11    .data               adc.o
    0x2000001c   0x0000000c   Data   RW          623    .data               interrupt.o
    0x20000028   0x00000020   Data   RW          823    .data               taskmanager.o
    0x20000048   0x00000003   Data   RW          979    .data               usart.o
    0x2000004b   0x00000005   PAD
    0x20000050   0x00000010   Data   RW         1146    .data               led.o
    0x20000060   0x0000002c   Data   RW         1201    .data               main.o
    0x2000008c   0x00000014   Data   RW         2411    .data               stm32f10x_rcc.o
    0x200000a0   0x00000028   Zero   RW           10    .bss                adc.o
    0x200000c8   0x00000b1c   Zero   RW         1200    .bss                main.o
    0x20000be4   0x00000060   Zero   RW         3663    .bss                c_w.l(libspace.o)
    0x20000c44   0x00000004   PAD
    0x20000c48   0x00000200   Zero   RW         3389    HEAP                startup_stm32f10x_md.o
    0x20000e48   0x00000400   Zero   RW         3388    STACK               startup_stm32f10x_md.o


==============================================================================

Image component sizes


      Code (inc. data)   RO Data    RW Data    ZI Data      Debug   Object Name

       552         34          0         28         40     267740   adc.o
        32          0          0          0          0        992   delay.o
       886        178          0          0          0       4840   esp8266.o
        22          0          0          0          0       1784   flash.o
       308         44         32          0          0       3044   gpio.o
        42          0          0          0          0       5252   i2c.o
       404         44         20          0          0       5912   inputcapture_exit.o
       384         30          0         12          0      13007   interrupt.o
       264          8          0         16          0       4076   led.o
       768        188          4         44       2844       7200   main.o
       132         22          0          0          0     275223   misc.o
       602         26          0          0          0       3528   pwm.o
        64         26        236          0       1536        856   startup_stm32f10x_md.o
       390         10          0          0          0       7741   stm32f10x_adc.o
       516         36          0          0          0       5342   stm32f10x_dma.o
       200         18          0          0          0       2280   stm32f10x_exti.o
       512         10          0          0          0       5364   stm32f10x_gpio.o
       332         44          0         20          0       5781   stm32f10x_rcc.o
       876         92          0          0          0       7337   stm32f10x_tim.o
       490          6          0          0          0       7722   stm32f10x_usart.o
       328         28          0          0          0       2173   system_stm32f10x.o
       296         60          4         32          0       3355   taskmanager.o
      2046         60          0          3          0      12604   usart.o

    ----------------------------------------------------------------------
     10470        964        328        160       4420     653153   Object Totals
         0          0         32          0          0          0   (incl. Generated)
        24          0          0          5          0          0   (incl. Padding)

    ----------------------------------------------------------------------

      Code (inc. data)   RO Data    RW Data    ZI Data      Debug   Library Member Name

         8          0          0          0          0         68   __main.o
         0          0          0          0          0          0   __rtentry.o
        12          0          0          0          0          0   __rtentry2.o
         6          0          0          0          0          0   __rtentry4.o
        52          8          0          0          0          0   __scatter.o
        26          0          0          0          0          0   __scatter_copy.o
        28          0          0          0          0          0   __scatter_zi.o
        10          0          0          0          0         68   defsig_exit.o
        50          0          0          0          0         88   defsig_general.o
        80         58          0          0          0         76   defsig_rtmem_inner.o
        14          0          0          0          0         80   defsig_rtmem_outer.o
        12          0          0          0          0         72   exit.o
        94          0          0          0          0         80   h1_alloc.o
        52          0          0          0          0         68   h1_extend.o
        78          0          0          0          0         80   h1_free.o
        14          0          0          0          0         84   h1_init.o
         6          0          0          0          0        152   heapauxi.o
         4          0          0          0          0        136   hguard.o
         0          0          0          0          0          0   indicate_semi.o
        36         10          0          0          0         80   init_aeabi.o
       138          0          0          0          0        168   init_alloc.o
         2          0          0          0          0          0   libinit.o
        14          0          0          0          0          0   libinit2.o
         2          0          0          0          0          0   libshutdown.o
         8          0          0          0          0          0   libshutdown2.o
         8          4          0          0         96         68   libspace.o
         0          0          0          0          0          0   maybetermalloc1.o
         8          4          0          0          0         68   rt_ddtor_pointer_addr_intlibspace.o
         8          4          0          0          0         68   rt_heap_descriptor_intlibspace.o
       100          0          0          0          0         80   rt_memcpy_w.o
         2          0          0          0          0          0   rtexit.o
        10          0          0          0          0          0   rtexit2.o
        62          0          0          0          0         76   strlen.o
        36          0          0          0          0         80   strstr.o
        12          4          0          0          0         68   sys_exit.o
        74          0          0          0          0         80   sys_stackheap_outer.o
        14          0          0          0          0         76   sys_wrch.o
         2          0          0          0          0         68   use_no_semi.o
        50          0          0          0          0         84   aeabi_atexit.o
        66          0          0          0          0         84   cxa_finalize.o
       804         16          0          0          0        272   daddsub_clz.o
        24          0          0          0          0         68   dcmpi.o
       688        140          0          0          0        208   ddiv.o
        38          0          0          0          0         68   dflt_clz.o
       120          4          0          0          0         92   dleqf.o
       156          4          0          0          0         92   dnaninf.o
        12          0          0          0          0         68   dretinf.o
       108          0          0          0          0         80   drleqf.o
        86          4          0          0          0         84   f2d.o
        62          4          0          0          0         84   ffixu.o
       140          4          0          0          0         84   fnaninf.o
         0          0          0          0          0          0   usenofp.o

    ----------------------------------------------------------------------
      3450        268          0          0        100       3400   Library Totals
        14          0          0          0          4          0   (incl. Padding)

    ----------------------------------------------------------------------

      Code (inc. data)   RO Data    RW Data    ZI Data      Debug   Library Name

      1082         92          0          0         96       2032   c_w.l
       116          0          0          0          0        168   cpprt_w.l
      2238        176          0          0          0       1200   fz_ws.l

    ----------------------------------------------------------------------
      3450        268          0          0        100       3400   Library Totals

    ----------------------------------------------------------------------

==============================================================================


      Code (inc. data)   RO Data    RW Data    ZI Data      Debug   

     13920       1232        328        160       4520     648541   Grand Totals
     13920       1232        328        160       4520     648541   ELF Image Totals
     13920       1232        328        160          0          0   ROM Totals

==============================================================================

    Total RO  Size (Code + RO Data)                14248 (  13.91kB)
    Total RW  Size (RW Data + ZI Data)              4680 (   4.57kB)
    Total ROM Size (Code + RO Data + RW Data)      14408 (  14.07kB)

==============================================================================

